d:\npu\project_material\auto_testing\qt_stduy\exp_project\260119_control_sig_gen\ui_mainwindow.h
d:\npu\project_material\auto_testing\qt_stduy\exp_project\260119_control_sig_gen\debug\moc_mainwindow.cpp
d:\npu\project_material\auto_testing\qt_stduy\exp_project\260119_control_sig_gen\debug\moc_rigoldriver.cpp
d:\npu\project_material\auto_testing\qt_stduy\exp_project\260119_control_sig_gen\debug\moc_mainwindow.obj
d:\npu\project_material\auto_testing\qt_stduy\exp_project\260119_control_sig_gen\debug\moc_rigoldriver.obj
d:\npu\project_material\auto_testing\qt_stduy\exp_project\260119_control_sig_gen\debug\mainwindow.obj
d:\npu\project_material\auto_testing\qt_stduy\exp_project\260119_control_sig_gen\debug\rigoldriver.obj
d:\npu\project_material\auto_testing\qt_stduy\exp_project\260119_control_sig_gen\debug\bodedrive.obj
d:\npu\project_material\auto_testing\qt_stduy\exp_project\260119_control_sig_gen\debug\main.obj
d:\npu\project_material\auto_testing\qt_stduy\exp_project\260119_control_sig_gen\debug\vc145.pdb
d:\npu\project_material\auto_testing\qt_stduy\exp_project\260119_control_sig_gen\debug\moc_predefs.h
d:\npu\project_material\auto_testing\qt_stduy\exp_project\260119_control_sig_gen\debug\260119_control_sig_gen.exe
d:\npu\project_material\auto_testing\qt_stduy\exp_project\260119_control_sig_gen\debug\260119_control_sig_gen.pdb
d:\npu\project_material\auto_testing\qt_stduy\exp_project\260119_control_sig_gen\debug\260119_control_sig_gen.res
d:\npu\project_material\auto_testing\qt_stduy\exp_project\260119_control_sig_gen\debug\260119_control_sig_gen.ilk
d:\npu\project_material\auto_testing\qt_stduy\exp_project\260119_control_sig_gen\debug\260119_c.cb775091.tlog\260119_control_sig_gen.write.1u.tlog
d:\npu\project_material\auto_testing\qt_stduy\exp_project\260119_control_sig_gen\debug\260119_c.cb775091.tlog\cl.13456.write.1.tlog
d:\npu\project_material\auto_testing\qt_stduy\exp_project\260119_control_sig_gen\debug\260119_c.cb775091.tlog\cl.command.1.tlog
d:\npu\project_material\auto_testing\qt_stduy\exp_project\260119_control_sig_gen\debug\260119_c.cb775091.tlog\cl.items.tlog
d:\npu\project_material\auto_testing\qt_stduy\exp_project\260119_control_sig_gen\debug\260119_c.cb775091.tlog\cl.read.1.tlog
d:\npu\project_material\auto_testing\qt_stduy\exp_project\260119_control_sig_gen\debug\260119_c.cb775091.tlog\custombuild.command.1.tlog
d:\npu\project_material\auto_testing\qt_stduy\exp_project\260119_control_sig_gen\debug\260119_c.cb775091.tlog\custombuild.read.1.tlog
d:\npu\project_material\auto_testing\qt_stduy\exp_project\260119_control_sig_gen\debug\260119_c.cb775091.tlog\custombuild.write.1.tlog
d:\npu\project_material\auto_testing\qt_stduy\exp_project\260119_control_sig_gen\debug\260119_c.cb775091.tlog\link.command.1.tlog
d:\npu\project_material\auto_testing\qt_stduy\exp_project\260119_control_sig_gen\debug\260119_c.cb775091.tlog\link.read.1.tlog
d:\npu\project_material\auto_testing\qt_stduy\exp_project\260119_control_sig_gen\debug\260119_c.cb775091.tlog\link.secondary.1.tlog
d:\npu\project_material\auto_testing\qt_stduy\exp_project\260119_control_sig_gen\debug\260119_c.cb775091.tlog\link.write.1.tlog
d:\npu\project_material\auto_testing\qt_stduy\exp_project\260119_control_sig_gen\debug\260119_c.cb775091.tlog\moc.read.1u.tlog
d:\npu\project_material\auto_testing\qt_stduy\exp_project\260119_control_sig_gen\debug\260119_c.cb775091.tlog\moc.write.1u.tlog
d:\npu\project_material\auto_testing\qt_stduy\exp_project\260119_control_sig_gen\debug\260119_c.cb775091.tlog\rc.command.1.tlog
d:\npu\project_material\auto_testing\qt_stduy\exp_project\260119_control_sig_gen\debug\260119_c.cb775091.tlog\rc.read.1.tlog
d:\npu\project_material\auto_testing\qt_stduy\exp_project\260119_control_sig_gen\debug\260119_c.cb775091.tlog\rc.write.1.tlog
d:\npu\project_material\auto_testing\qt_stduy\exp_project\260119_control_sig_gen\debug\260119_c.cb775091.tlog\uic.read.1u.tlog
d:\npu\project_material\auto_testing\qt_stduy\exp_project\260119_control_sig_gen\debug\260119_c.cb775091.tlog\uic.write.1u.tlog
