[2026-03-06 15:38:19] [INFO] ===== 开始仪器自检 =====
[2026-03-06 15:38:19] [INFO] 检测 信号源...
[2026-03-06 15:38:24] [INFO] 错误 [连接设备 TCPIP0::169.254.96.22::INSTR]: code=0x-4000ffef
[2026-03-06 15:38:24] [ERROR] 信号源 连接失败！
[2026-03-06 15:38:24] [WARNING] ===== 存在异常设备 =====
[2026-03-06 15:38:36] [INFO] ===== 开始仪器自检 =====
[2026-03-06 15:38:36] [INFO] 检测 信号源...
[2026-03-06 15:38:41] [INFO] 错误 [连接设备 TCPIP0::169.254.96.22::INSTR]: code=0x-4000ffef
[2026-03-06 15:38:41] [ERROR] 信号源 连接失败！
[2026-03-06 15:38:41] [WARNING] ===== 存在异常设备 =====
[2026-03-06 15:38:58] [INFO] ===== 开始仪器自检 =====
[2026-03-06 15:38:58] [INFO] 检测 信号源...
[2026-03-06 15:38:58] [INFO] 设备已连接: Rigol Technologies,DG1032Z,DG1ZA165152099,03.01.12
[2026-03-06 15:38:58] [SUCCESS] 信号源 连接成功
[2026-03-06 15:38:58] [INFO] ===== 全部设备正常 =====
[2026-03-06 15:39:27] [SUCCESS] 扫频参数配置完成
[2026-03-06 15:39:42] [SUCCESS] 扫频参数配置完成
[2026-03-06 15:39:46] [SUCCESS] 扫频参数配置完成
[2026-03-06 15:39:47] [SUCCESS] 扫频参数配置完成
[2026-03-06 15:39:47] [SUCCESS] 扫频参数配置完成
[2026-03-06 15:39:48] [SUCCESS] 扫频参数配置完成
[2026-03-06 15:39:48] [SUCCESS] 扫频参数配置完成
[2026-03-06 15:39:49] [SUCCESS] 扫频参数配置完成
[2026-03-06 15:39:51] [SUCCESS] 扫频参数配置完成
[2026-03-06 15:39:52] [SUCCESS] 扫频参数配置完成
[2026-03-06 15:39:52] [SUCCESS] 扫频参数配置完成
[2026-03-06 15:39:53] [SUCCESS] 扫频参数配置完成
[2026-03-06 15:39:54] [SUCCESS] 扫频参数配置完成
[2026-03-06 15:39:54] [SUCCESS] 扫频参数配置完成
[2026-03-06 15:39:54] [SUCCESS] 扫频参数配置完成
[2026-03-06 15:39:55] [SUCCESS] 扫频参数配置完成
[2026-03-06 15:39:55] [SUCCESS] 扫频参数配置完成
[2026-03-06 15:39:55] [SUCCESS] 扫频参数配置完成
[2026-03-06 15:39:55] [SUCCESS] 扫频参数配置完成
[2026-03-06 15:39:55] [SUCCESS] 扫频参数配置完成
[2026-03-06 15:40:09] [SUCCESS] 扫频参数配置完成
[2026-03-06 15:40:10] [SUCCESS] 扫频参数配置完成
[2026-03-06 15:40:11] [SUCCESS] 扫频参数配置完成
[2026-03-06 15:40:11] [SUCCESS] 扫频参数配置完成
[2026-03-06 15:40:11] [SUCCESS] 扫频参数配置完成
[2026-03-06 15:40:11] [SUCCESS] 扫频参数配置完成
[2026-03-06 15:40:12] [SUCCESS] 扫频参数配置完成
[2026-03-06 15:40:12] [SUCCESS] 扫频参数配置完成
[2026-03-06 15:40:12] [SUCCESS] 扫频参数配置完成
[2026-03-06 15:40:12] [SUCCESS] 扫频参数配置完成
[2026-03-06 15:40:12] [SUCCESS] 扫频参数配置完成
[2026-03-06 15:40:13] [SUCCESS] 扫频参数配置完成
[2026-03-06 15:40:13] [SUCCESS] 扫频参数配置完成
[2026-03-06 15:40:13] [SUCCESS] 扫频参数配置完成
[2026-03-06 15:40:13] [SUCCESS] 扫频参数配置完成
[2026-03-06 15:40:14] [SUCCESS] 扫频参数配置完成
[2026-03-06 15:40:14] [SUCCESS] 扫频参数配置完成
[2026-03-06 15:40:14] [SUCCESS] 扫频参数配置完成
[2026-03-06 15:40:15] [SUCCESS] 扫频参数配置完成
[2026-03-06 15:40:15] [SUCCESS] 扫频参数配置完成
[2026-03-06 15:40:15] [SUCCESS] 扫频参数配置完成
[2026-03-06 15:40:15] [SUCCESS] 扫频参数配置完成
[2026-03-06 15:40:15] [SUCCESS] 扫频参数配置完成
[2026-03-06 15:40:15] [SUCCESS] 扫频参数配置完成
[2026-03-06 15:40:16] [SUCCESS] 扫频参数配置完成
[2026-03-06 15:40:16] [SUCCESS] 扫频参数配置完成
[2026-03-06 15:40:16] [SUCCESS] 扫频参数配置完成
[2026-03-06 15:40:16] [SUCCESS] 扫频参数配置完成
[2026-03-06 15:40:16] [SUCCESS] 扫频参数配置完成
[2026-03-06 15:40:17] [SUCCESS] 扫频参数配置完成
[2026-03-06 15:40:17] [SUCCESS] 扫频参数配置完成
[2026-03-06 15:40:17] [SUCCESS] 扫频参数配置完成
[2026-03-06 15:40:17] [SUCCESS] 扫频参数配置完成
[2026-03-06 15:42:55] [SUCCESS] 扫频参数配置完成
[2026-03-06 15:53:52] [SUCCESS] 扫频参数配置完成
[2026-03-06 15:53:57] [INFO] ===== 开始仪器自检 =====
[2026-03-06 15:53:57] [INFO] 检测 信号源...
[2026-03-06 15:54:02] [INFO] 错误 [连接设备 TCPIP0::169.254.96.22::INSTR]: code=0x-4000ffef
[2026-03-06 15:54:02] [ERROR] 信号源 连接失败！
[2026-03-06 15:54:02] [WARNING] ===== 存在异常设备 =====
[2026-03-06 15:54:08] [INFO] ===== 开始仪器自检 =====
[2026-03-06 15:54:08] [INFO] 检测 信号源...
[2026-03-06 15:54:08] [INFO] 设备已连接: Rigol Technologies,DG1032Z,DG1ZA165152099,03.01.12
[2026-03-06 15:54:08] [SUCCESS] 信号源 连接成功
[2026-03-06 15:54:08] [INFO] ===== 全部设备正常 =====
[2026-03-06 15:54:10] [SUCCESS] 扫频参数配置完成
[2026-03-06 15:54:21] [INFO] ===== 开始仪器自检 =====
[2026-03-06 15:54:21] [INFO] 检测 信号源...
[2026-03-06 15:54:21] [INFO] 设备已连接: Rigol Technologies,DG1032Z,DG1ZA165152099,03.01.12
[2026-03-06 15:54:21] [SUCCESS] 信号源 连接成功
[2026-03-06 15:54:21] [INFO] ===== 全部设备正常 =====
[2026-03-06 15:54:38] [SUCCESS] 扫频参数配置完成
[2026-03-06 15:54:43] [SUCCESS] 扫频参数配置完成
[2026-03-06 15:54:43] [SUCCESS] 扫频参数配置完成
[2026-03-06 15:54:44] [SUCCESS] 扫频参数配置完成
[2026-03-06 15:54:44] [SUCCESS] 扫频参数配置完成
[2026-03-06 15:54:44] [SUCCESS] 扫频参数配置完成
[2026-03-06 15:54:45] [SUCCESS] 扫频参数配置完成
[2026-03-06 15:54:45] [SUCCESS] 扫频参数配置完成
[2026-03-06 15:54:45] [SUCCESS] 扫频参数配置完成
[2026-03-06 15:54:45] [SUCCESS] 扫频参数配置完成
[2026-03-06 15:54:45] [SUCCESS] 扫频参数配置完成
[2026-03-06 15:54:45] [SUCCESS] 扫频参数配置完成
[2026-03-06 15:54:46] [SUCCESS] 扫频参数配置完成
[2026-03-06 15:54:46] [SUCCESS] 扫频参数配置完成
[2026-03-06 15:54:46] [SUCCESS] 扫频参数配置完成
[2026-03-06 15:54:47] [SUCCESS] 扫频参数配置完成
[2026-03-06 15:54:47] [SUCCESS] 扫频参数配置完成
[2026-03-06 15:54:48] [SUCCESS] 扫频参数配置完成
[2026-03-06 15:54:48] [SUCCESS] 扫频参数配置完成
[2026-03-06 15:54:48] [SUCCESS] 扫频参数配置完成
[2026-03-06 15:55:20] [SUCCESS] 扫频参数配置完成
[2026-03-06 15:56:19] [SUCCESS] 扫频参数配置完成
[2026-03-06 15:56:41] [INFO] ===== 开始仪器自检 =====
[2026-03-06 15:56:41] [INFO] 检测 信号源...
[2026-03-06 15:56:41] [INFO] 设备已连接: Rigol Technologies,DG1032Z,DG1ZA165152099,03.01.12
[2026-03-06 15:56:41] [SUCCESS] 信号源 连接成功
[2026-03-06 15:56:41] [INFO] ===== 全部设备正常 =====
[2026-03-06 15:56:50] [SUCCESS] 扫频参数配置完成
[2026-03-06 15:56:53] [SUCCESS] 扫频参数配置完成
[2026-03-06 15:56:53] [SUCCESS] 扫频参数配置完成
[2026-03-06 15:56:54] [SUCCESS] 扫频参数配置完成
[2026-03-06 15:56:54] [SUCCESS] 扫频参数配置完成
[2026-03-06 15:56:54] [SUCCESS] 扫频参数配置完成
[2026-03-06 15:56:54] [SUCCESS] 扫频参数配置完成
[2026-03-06 15:56:54] [SUCCESS] 扫频参数配置完成
[2026-03-06 15:56:55] [SUCCESS] 扫频参数配置完成
[2026-03-06 15:56:55] [SUCCESS] 扫频参数配置完成
[2026-03-06 15:56:55] [SUCCESS] 扫频参数配置完成
[2026-03-06 15:56:55] [SUCCESS] 扫频参数配置完成
[2026-03-06 15:56:55] [SUCCESS] 扫频参数配置完成
[2026-03-06 15:56:56] [SUCCESS] 扫频参数配置完成
[2026-03-06 15:56:56] [SUCCESS] 扫频参数配置完成
[2026-03-06 15:56:56] [SUCCESS] 扫频参数配置完成
[2026-03-06 15:56:56] [SUCCESS] 扫频参数配置完成
[2026-03-06 15:56:56] [SUCCESS] 扫频参数配置完成
[2026-03-06 15:56:56] [SUCCESS] 扫频参数配置完成
[2026-03-06 15:56:57] [SUCCESS] 扫频参数配置完成
[2026-03-06 15:56:57] [SUCCESS] 扫频参数配置完成
[2026-03-06 15:56:57] [SUCCESS] 扫频参数配置完成
[2026-03-06 15:56:57] [SUCCESS] 扫频参数配置完成
[2026-03-06 15:56:57] [SUCCESS] 扫频参数配置完成
[2026-03-06 15:56:58] [SUCCESS] 扫频参数配置完成
[2026-03-06 15:59:42] [INFO] ===== 开始仪器自检 =====
[2026-03-06 15:59:42] [INFO] 检测 信号源...
[2026-03-06 15:59:42] [INFO] 设备已连接: Rigol Technologies,DG1032Z,DG1ZA165152099,03.01.12
[2026-03-06 15:59:42] [SUCCESS] 信号源 连接成功
[2026-03-06 15:59:42] [INFO] ===== 全部设备正常 =====
[2026-03-06 16:00:15] [INFO] ===== 开始仪器自检 =====
[2026-03-06 16:00:15] [INFO] 检测 信号源...
[2026-03-06 16:00:15] [INFO] 设备已连接: Rigol Technologies,DG1032Z,DG1ZA165152099,03.01.12
[2026-03-06 16:00:15] [SUCCESS] 信号源 连接成功
[2026-03-06 16:00:15] [INFO] ===== 全部设备正常 =====
[2026-03-06 16:06:03] [INFO] ===== 开始仪器自检 =====
[2026-03-06 16:06:03] [INFO] 检测 信号源...
[2026-03-06 16:06:03] [INFO] 设备已连接: Rigol Technologies,DG1032Z,DG1ZA165152099,03.01.12
[2026-03-06 16:06:03] [SUCCESS] 信号源 连接成功
[2026-03-06 16:06:03] [INFO] ===== 全部设备正常 =====
[2026-03-06 16:06:14] [SUCCESS] 扫频参数配置完成
[2026-03-06 16:06:50] [INFO] ===== 开始仪器自检 =====
[2026-03-06 16:06:50] [INFO] 检测 信号源...
[2026-03-06 16:06:50] [INFO] 设备已连接: Rigol Technologies,DG1032Z,DG1ZA165152099,03.01.12
[2026-03-06 16:06:50] [SUCCESS] 信号源 连接成功
[2026-03-06 16:06:50] [INFO] ===== 全部设备正常 =====
[2026-03-06 16:06:56] [SUCCESS] 扫频参数配置完成
[2026-03-06 16:06:57] [SUCCESS] 扫频参数配置完成
[2026-03-06 16:06:58] [SUCCESS] 扫频参数配置完成
[2026-03-06 16:06:58] [SUCCESS] 扫频参数配置完成
[2026-03-06 16:06:58] [SUCCESS] 扫频参数配置完成
[2026-03-06 16:06:59] [SUCCESS] 扫频参数配置完成
[2026-03-06 16:06:59] [SUCCESS] 扫频参数配置完成
[2026-03-06 16:06:59] [SUCCESS] 扫频参数配置完成
[2026-03-06 16:06:59] [SUCCESS] 扫频参数配置完成
[2026-03-06 16:07:00] [SUCCESS] 扫频参数配置完成
[2026-03-06 16:07:12] [SUCCESS] 扫频参数配置完成
[2026-03-06 17:13:58] [SUCCESS] ARB文件加载: 250925测试信号.raf
[2026-03-06 17:14:11] [SUCCESS] ARB波形配置完成
[2026-03-06 17:14:14] [SUCCESS] ARB波形配置完成
[2026-03-06 17:14:16] [SUCCESS] ARB波形配置完成
[2026-03-06 17:14:17] [SUCCESS] ARB波形配置完成
[2026-03-06 17:14:19] [SUCCESS] ARB波形配置完成
[2026-03-06 17:14:19] [SUCCESS] ARB波形配置完成
[2026-03-06 17:14:19] [SUCCESS] ARB波形配置完成
[2026-03-06 17:14:19] [SUCCESS] ARB波形配置完成
[2026-03-06 17:14:19] [SUCCESS] ARB波形配置完成
[2026-03-06 17:14:20] [SUCCESS] ARB波形配置完成
[2026-03-06 17:14:42] [SUCCESS] ARB波形配置完成
[2026-03-06 17:14:43] [SUCCESS] ARB波形配置完成
[2026-03-06 17:14:52] [SUCCESS] ARB波形配置完成
[2026-03-06 17:15:04] [SUCCESS] ARB文件加载: 250925测试信号.raf
[2026-03-06 17:15:19] [SUCCESS] ARB波形配置完成
[2026-03-06 17:15:19] [SUCCESS] ARB波形配置完成
[2026-03-06 17:15:19] [SUCCESS] ARB波形配置完成
[2026-03-06 17:15:19] [SUCCESS] ARB波形配置完成
[2026-03-06 17:15:19] [SUCCESS] ARB波形配置完成
[2026-03-06 17:15:20] [SUCCESS] ARB波形配置完成
[2026-03-06 17:15:20] [SUCCESS] ARB波形配置完成
[2026-03-06 17:15:20] [SUCCESS] ARB波形配置完成
[2026-03-06 17:17:15] [INFO] ===== 开始仪器自检 =====
[2026-03-06 17:17:15] [INFO] 检测 信号源...
[2026-03-06 17:17:15] [INFO] 设备已连接: Rigol Technologies,DG1032Z,DG1ZA165152099,03.01.12
[2026-03-06 17:17:15] [SUCCESS] 信号源 连接成功
[2026-03-06 17:17:15] [INFO] ===== 全部设备正常 =====
[2026-03-06 17:17:48] [SUCCESS] ARB文件加载: 250925测试信号.raf
[2026-03-06 17:17:53] [SUCCESS] ARB波形配置完成
[2026-03-06 17:18:09] [SUCCESS] ARB波形配置完成
[2026-03-06 17:19:16] [SUCCESS] ARB文件加载: 250925测试信号.raf
[2026-03-06 17:19:23] [SUCCESS] ARB波形配置完成
[2026-03-06 17:19:27] [INFO] ===== 开始仪器自检 =====
[2026-03-06 17:19:27] [INFO] 检测 信号源...
[2026-03-06 17:19:27] [INFO] 设备已连接: Rigol Technologies,DG1032Z,DG1ZA165152099,03.01.12
[2026-03-06 17:19:27] [SUCCESS] 信号源 连接成功
[2026-03-06 17:19:27] [INFO] ===== 全部设备正常 =====
[2026-03-06 17:19:33] [SUCCESS] ARB波形配置完成
[2026-03-06 17:19:34] [SUCCESS] ARB波形配置完成
[2026-03-06 17:19:35] [SUCCESS] ARB波形配置完成
[2026-03-06 17:19:35] [SUCCESS] ARB波形配置完成
[2026-03-06 17:19:36] [SUCCESS] ARB波形配置完成
[2026-03-06 17:19:36] [SUCCESS] ARB波形配置完成
[2026-03-06 17:20:58] [INFO] ===== 开始仪器自检 =====
[2026-03-06 17:20:58] [INFO] 检测 信号源...
[2026-03-06 17:20:58] [INFO] 设备已连接: Rigol Technologies,DG1032Z,DG1ZA165152099,03.01.12
[2026-03-06 17:20:58] [SUCCESS] 信号源 连接成功
[2026-03-06 17:20:58] [INFO] ===== 全部设备正常 =====
[2026-03-06 17:21:22] [SUCCESS] ARB文件加载: 250925测试信号.raf
[2026-03-06 17:21:26] [SUCCESS] ARB波形配置完成
[2026-03-06 17:21:27] [SUCCESS] ARB波形配置完成
[2026-03-06 17:21:28] [SUCCESS] ARB波形配置完成
[2026-03-06 17:21:34] [SUCCESS] ARB波形配置完成
[2026-03-06 20:39:27] [INFO] 用户取消选择ARB文件
[2026-03-06 20:39:31] [INFO] 用户取消选择ARB文件
[2026-03-06 20:39:34] [INFO] 用户取消选择ARB文件
[2026-03-06 20:39:39] [INFO] 错误 [发送指令: :SOUR1:VOLT 5]: code=0x-4000ff5a
[2026-03-06 20:39:39] [INFO] 错误 [发送指令: :SOUR1:FUNC ARB]: code=0x-4000ff5a
[2026-03-06 20:39:39] [SUCCESS] ARB波形配置完成
[2026-03-06 20:39:43] [INFO] 错误 [发送指令: :SOUR1:VOLT 5]: code=0x-4000ff5a
[2026-03-06 20:39:43] [INFO] 错误 [发送指令: :SOUR1:FUNC ARB]: code=0x-4000ff5a
[2026-03-06 20:39:43] [SUCCESS] ARB波形配置完成
[2026-03-06 20:39:43] [INFO] 错误 [发送指令: :SOUR1:VOLT 5]: code=0x-4000ff5a
[2026-03-06 20:39:43] [INFO] 错误 [发送指令: :SOUR1:FUNC ARB]: code=0x-4000ff5a
[2026-03-06 20:39:43] [SUCCESS] ARB波形配置完成
[2026-03-06 20:39:44] [INFO] 错误 [发送指令: :SOUR1:VOLT 5]: code=0x-4000ff5a
[2026-03-06 20:39:44] [INFO] 错误 [发送指令: :SOUR1:FUNC ARB]: code=0x-4000ff5a
[2026-03-06 20:39:44] [SUCCESS] ARB波形配置完成
[2026-03-06 20:39:44] [INFO] 错误 [发送指令: :SOUR1:VOLT 5]: code=0x-4000ff5a
[2026-03-06 20:39:44] [INFO] 错误 [发送指令: :SOUR1:FUNC ARB]: code=0x-4000ff5a
[2026-03-06 20:39:44] [SUCCESS] ARB波形配置完成
[2026-03-06 20:39:44] [INFO] 错误 [发送指令: :SOUR1:VOLT 5]: code=0x-4000ff5a
[2026-03-06 20:39:44] [INFO] 错误 [发送指令: :SOUR1:FUNC ARB]: code=0x-4000ff5a
[2026-03-06 20:39:44] [SUCCESS] ARB波形配置完成
[2026-03-06 20:39:44] [INFO] 错误 [发送指令: :SOUR1:VOLT 5]: code=0x-4000ff5a
[2026-03-06 20:39:44] [INFO] 错误 [发送指令: :SOUR1:FUNC ARB]: code=0x-4000ff5a
[2026-03-06 20:39:44] [SUCCESS] ARB波形配置完成
[2026-03-06 20:39:45] [INFO] 错误 [发送指令: :SOUR1:VOLT 5]: code=0x-4000ff5a
[2026-03-06 20:39:45] [INFO] 错误 [发送指令: :SOUR1:FUNC ARB]: code=0x-4000ff5a
[2026-03-06 20:39:45] [SUCCESS] ARB波形配置完成
[2026-03-06 20:39:45] [INFO] 错误 [发送指令: :SOUR1:VOLT 5]: code=0x-4000ff5a
[2026-03-06 20:39:45] [INFO] 错误 [发送指令: :SOUR1:FUNC ARB]: code=0x-4000ff5a
[2026-03-06 20:39:45] [SUCCESS] ARB波形配置完成
[2026-03-06 20:39:45] [INFO] 错误 [发送指令: :SOUR1:VOLT 5]: code=0x-4000ff5a
[2026-03-06 20:39:45] [INFO] 错误 [发送指令: :SOUR1:FUNC ARB]: code=0x-4000ff5a
[2026-03-06 20:39:45] [SUCCESS] ARB波形配置完成
[2026-03-06 20:39:45] [INFO] 错误 [发送指令: :SOUR1:VOLT 5]: code=0x-4000ff5a
[2026-03-06 20:39:45] [INFO] 错误 [发送指令: :SOUR1:FUNC ARB]: code=0x-4000ff5a
[2026-03-06 20:39:45] [SUCCESS] ARB波形配置完成
[2026-03-06 20:57:10] [INFO] 用户取消选择ARB文件
[2026-03-06 20:57:13] [INFO] 用户取消选择ARB文件
[2026-03-06 21:47:22] [INFO] ===== 开始仪器自检 =====
[2026-03-06 21:47:22] [INFO] 检测 信号源...
[2026-03-06 21:47:22] [INFO] 设备已连接: Rigol Technologies,DG1032Z,DG1ZA165152099,03.01.12
[2026-03-06 21:47:22] [SUCCESS] 信号源 连接成功
[2026-03-06 21:47:22] [INFO] ===== 全部设备正常 =====
[2026-03-06 21:47:24] [SUCCESS] 扫频参数配置完成
[2026-03-06 21:47:25] [SUCCESS] 扫频参数配置完成
[2026-03-06 21:47:27] [SUCCESS] 扫频参数配置完成
[2026-03-06 21:47:27] [SUCCESS] 扫频参数配置完成
[2026-03-06 21:47:27] [SUCCESS] 扫频参数配置完成
[2026-03-06 21:47:27] [SUCCESS] 扫频参数配置完成
[2026-03-06 21:47:28] [SUCCESS] 扫频参数配置完成
[2026-03-06 21:47:28] [SUCCESS] 扫频参数配置完成
[2026-03-06 21:47:28] [SUCCESS] 扫频参数配置完成
[2026-03-06 21:47:28] [SUCCESS] 扫频参数配置完成
[2026-03-06 21:47:28] [SUCCESS] 扫频参数配置完成
[2026-03-06 21:47:28] [SUCCESS] 扫频参数配置完成
[2026-03-06 21:47:29] [SUCCESS] 扫频参数配置完成
[2026-03-06 21:47:29] [SUCCESS] 扫频参数配置完成
[2026-03-06 21:47:29] [SUCCESS] 扫频参数配置完成
[2026-03-06 21:47:29] [SUCCESS] 扫频参数配置完成
[2026-03-06 21:47:29] [SUCCESS] 扫频参数配置完成
[2026-03-06 21:47:29] [SUCCESS] 扫频参数配置完成
[2026-03-06 21:47:30] [SUCCESS] 扫频参数配置完成
[2026-03-06 21:47:34] [SUCCESS] 扫频参数配置完成
[2026-03-06 21:47:38] [SUCCESS] 扫频参数配置完成
[2026-03-06 21:47:43] [SUCCESS] 扫频参数配置完成
[2026-03-06 21:53:16] [SUCCESS] 扫频参数配置完成
