[2026-03-04 11:52:34] [SUCCESS] ===== 开始仪器自检 =====
[2026-03-04 11:52:34] [SUCCESS] 设备已连接: Rigol Technologies,DG1032Z,DG1ZA165152099,03.01.12
[2026-03-04 11:53:09] [SUCCESS] ===== 开始仪器自检 =====
[2026-03-04 11:53:09] [SUCCESS] 设备已连接: Rigol Technologies,DG1032Z,DG1ZA165152099,03.01.12
[2026-03-04 11:53:09] [SUCCESS] ===== 开始仪器自检 =====
[2026-03-04 11:53:10] [SUCCESS] 设备已连接: Rigol Technologies,DG1032Z,DG1ZA165152099,03.01.12
[2026-03-04 11:53:10] [SUCCESS] ===== 开始仪器自检 =====
[2026-03-04 11:53:10] [SUCCESS] 设备已连接: Rigol Technologies,DG1032Z,DG1ZA165152099,03.01.12
[2026-03-04 12:02:37] [SUCCESS] ===== 开始仪器自检 =====
[2026-03-04 12:02:37] [SUCCESS] 设备已连接: Rigol Technologies,DG1032Z,DG1ZA165152099,03.01.12
[2026-03-04 12:02:38] [SUCCESS] ===== 开始仪器自检 =====
[2026-03-04 12:02:38] [SUCCESS] 设备已连接: Rigol Technologies,DG1032Z,DG1ZA165152099,03.01.12
[2026-03-04 12:02:38] [SUCCESS] ===== 开始仪器自检 =====
[2026-03-04 12:02:38] [SUCCESS] 设备已连接: Rigol Technologies,DG1032Z,DG1ZA165152099,03.01.12
[2026-03-04 12:02:39] [SUCCESS] ===== 开始仪器自检 =====
[2026-03-04 12:02:39] [SUCCESS] 设备已连接: Rigol Technologies,DG1032Z,DG1ZA165152099,03.01.12
[2026-03-04 12:02:46] [SUCCESS] ===== 开始仪器自检 =====
[2026-03-04 12:02:46] [SUCCESS] 设备已连接: Rigol Technologies,DG1032Z,DG1ZA165152099,03.01.12
[2026-03-04 13:58:13] [SUCCESS] ===== 开始仪器自检 =====
[2026-03-04 13:58:13] [SUCCESS] 设备已连接: Rigol Technologies,DG1032Z,DG1ZA165152099,03.01.12
[2026-03-04 13:58:13] [SUCCESS] ===== 开始仪器自检 =====
[2026-03-04 13:58:13] [SUCCESS] 设备已连接: Rigol Technologies,DG1032Z,DG1ZA165152099,03.01.12
[2026-03-04 13:58:14] [SUCCESS] ===== 开始仪器自检 =====
[2026-03-04 13:58:14] [SUCCESS] 设备已连接: Rigol Technologies,DG1032Z,DG1ZA165152099,03.01.12
[2026-03-04 13:58:14] [SUCCESS] ===== 开始仪器自检 =====
[2026-03-04 13:58:14] [SUCCESS] 设备已连接: Rigol Technologies,DG1032Z,DG1ZA165152099,03.01.12
[2026-03-04 13:58:14] [SUCCESS] ===== 开始仪器自检 =====
[2026-03-04 13:58:14] [SUCCESS] 设备已连接: Rigol Technologies,DG1032Z,DG1ZA165152099,03.01.12
[2026-03-04 13:58:15] [SUCCESS] ===== 开始仪器自检 =====
[2026-03-04 13:58:15] [SUCCESS] 设备已连接: Rigol Technologies,DG1032Z,DG1ZA165152099,03.01.12
[2026-03-04 13:58:15] [SUCCESS] ===== 开始仪器自检 =====
[2026-03-04 13:58:15] [SUCCESS] 设备已连接: Rigol Technologies,DG1032Z,DG1ZA165152099,03.01.12
[2026-03-04 13:58:16] [SUCCESS] ===== 开始仪器自检 =====
[2026-03-04 13:58:16] [SUCCESS] 设备已连接: Rigol Technologies,DG1032Z,DG1ZA165152099,03.01.12
[2026-03-04 13:58:16] [SUCCESS] ===== 开始仪器自检 =====
[2026-03-04 13:58:16] [SUCCESS] 设备已连接: Rigol Technologies,DG1032Z,DG1ZA165152099,03.01.12
[2026-03-04 13:58:16] [SUCCESS] ===== 开始仪器自检 =====
[2026-03-04 13:58:16] [SUCCESS] 设备已连接: Rigol Technologies,DG1032Z,DG1ZA165152099,03.01.12
[2026-03-04 13:58:16] [SUCCESS] ===== 开始仪器自检 =====
[2026-03-04 13:58:16] [SUCCESS] 设备已连接: Rigol Technologies,DG1032Z,DG1ZA165152099,03.01.12
[2026-03-04 13:58:16] [SUCCESS] ===== 开始仪器自检 =====
[2026-03-04 13:58:16] [SUCCESS] 设备已连接: Rigol Technologies,DG1032Z,DG1ZA165152099,03.01.12
[2026-03-04 13:58:17] [SUCCESS] ===== 开始仪器自检 =====
[2026-03-04 13:58:17] [SUCCESS] 设备已连接: Rigol Technologies,DG1032Z,DG1ZA165152099,03.01.12
[2026-03-04 13:58:17] [SUCCESS] ===== 开始仪器自检 =====
[2026-03-04 13:58:17] [SUCCESS] 设备已连接: Rigol Technologies,DG1032Z,DG1ZA165152099,03.01.12
[2026-03-04 13:58:17] [SUCCESS] ===== 开始仪器自检 =====
[2026-03-04 13:58:17] [SUCCESS] 设备已连接: Rigol Technologies,DG1032Z,DG1ZA165152099,03.01.12
[2026-03-04 13:58:17] [SUCCESS] ===== 开始仪器自检 =====
[2026-03-04 13:58:17] [SUCCESS] 设备已连接: Rigol Technologies,DG1032Z,DG1ZA165152099,03.01.12
[2026-03-04 13:58:18] [SUCCESS] ===== 开始仪器自检 =====
[2026-03-04 13:58:18] [SUCCESS] 设备已连接: Rigol Technologies,DG1032Z,DG1ZA165152099,03.01.12
[2026-03-04 13:58:18] [SUCCESS] ===== 开始仪器自检 =====
[2026-03-04 13:58:18] [SUCCESS] 设备已连接: Rigol Technologies,DG1032Z,DG1ZA165152099,03.01.12
[2026-03-04 13:58:18] [SUCCESS] ===== 开始仪器自检 =====
[2026-03-04 13:58:20] [SUCCESS] 错误 [连接设备 TCPIP0::169.254.96.21::INSTR]: code=0x-4000ffef
[2026-03-04 13:58:20] [SUCCESS] ===== 开始仪器自检 =====
[2026-03-04 13:58:22] [SUCCESS] 错误 [连接设备 TCPIP0::169.254.96.21::INSTR]: code=0x-4000ffef
[2026-03-04 13:58:22] [SUCCESS] ===== 开始仪器自检 =====
[2026-03-04 13:58:24] [SUCCESS] 错误 [连接设备 TCPIP0::169.254.96.21::INSTR]: code=0x-4000ffef
[2026-03-04 13:58:24] [SUCCESS] ===== 开始仪器自检 =====
[2026-03-04 13:58:26] [SUCCESS] 错误 [连接设备 TCPIP0::169.254.96.21::INSTR]: code=0x-4000ffef
[2026-03-04 13:58:26] [SUCCESS] ===== 开始仪器自检 =====
[2026-03-04 13:58:28] [SUCCESS] 错误 [连接设备 TCPIP0::169.254.96.21::INSTR]: code=0x-4000ffef
[2026-03-04 13:58:28] [SUCCESS] ===== 开始仪器自检 =====
[2026-03-04 13:58:30] [SUCCESS] 错误 [连接设备 TCPIP0::169.254.96.21::INSTR]: code=0x-4000ffef
[2026-03-04 13:58:30] [SUCCESS] ===== 开始仪器自检 =====
[2026-03-04 13:58:32] [SUCCESS] 错误 [连接设备 TCPIP0::169.254.96.21::INSTR]: code=0x-4000ffef
[2026-03-04 13:58:32] [SUCCESS] ===== 开始仪器自检 =====
[2026-03-04 13:58:35] [SUCCESS] 错误 [连接设备 TCPIP0::169.254.96.21::INSTR]: code=0x-4000ffef
[2026-03-04 13:58:35] [SUCCESS] ===== 开始仪器自检 =====
[2026-03-04 13:58:37] [SUCCESS] 错误 [连接设备 TCPIP0::169.254.96.21::INSTR]: code=0x-4000ffef
[2026-03-04 13:58:37] [SUCCESS] ===== 开始仪器自检 =====
[2026-03-04 13:58:39] [SUCCESS] 错误 [连接设备 TCPIP0::169.254.96.21::INSTR]: code=0x-4000ffef
[2026-03-04 13:58:39] [SUCCESS] ===== 开始仪器自检 =====
[2026-03-04 13:58:41] [SUCCESS] 错误 [连接设备 TCPIP0::169.254.96.21::INSTR]: code=0x-4000ffef
[2026-03-04 13:58:41] [SUCCESS] ===== 开始仪器自检 =====
[2026-03-04 13:58:43] [SUCCESS] 错误 [连接设备 TCPIP0::169.254.96.21::INSTR]: code=0x-4000ffef
[2026-03-04 13:58:43] [SUCCESS] ===== 开始仪器自检 =====
[2026-03-04 13:58:45] [SUCCESS] 错误 [连接设备 TCPIP0::169.254.96.21::INSTR]: code=0x-4000ffef
[2026-03-04 13:58:45] [SUCCESS] ===== 开始仪器自检 =====
[2026-03-04 13:58:47] [SUCCESS] 错误 [连接设备 TCPIP0::169.254.96.21::INSTR]: code=0x-4000ffef
[2026-03-04 13:58:59] [SUCCESS] ===== 开始仪器自检 =====
[2026-03-04 13:59:01] [SUCCESS] 错误 [连接设备 TCPIP0::169.254.96.21::INSTR]: code=0x-4000ffef
[2026-03-04 13:59:13] [SUCCESS] ===== 开始仪器自检 =====
[2026-03-04 13:59:15] [SUCCESS] 错误 [连接设备 TCPIP0::169.254.96.21::INSTR]: code=0x-4000ffef
[2026-03-04 13:59:15] [SUCCESS] ===== 开始仪器自检 =====
[2026-03-04 13:59:17] [SUCCESS] 错误 [连接设备 TCPIP0::169.254.96.21::INSTR]: code=0x-4000ffef
[2026-03-04 13:59:17] [SUCCESS] ===== 开始仪器自检 =====
[2026-03-04 13:59:19] [SUCCESS] 错误 [连接设备 TCPIP0::169.254.96.21::INSTR]: code=0x-4000ffef
[2026-03-04 13:59:19] [SUCCESS] ===== 开始仪器自检 =====
[2026-03-04 13:59:21] [SUCCESS] 错误 [连接设备 TCPIP0::169.254.96.21::INSTR]: code=0x-4000ffef
[2026-03-04 13:59:22] [SUCCESS] ===== 开始仪器自检 =====
[2026-03-04 13:59:24] [SUCCESS] 错误 [连接设备 TCPIP0::169.254.96.21::INSTR]: code=0x-4000ffef
[2026-03-04 13:59:24] [SUCCESS] ===== 开始仪器自检 =====
[2026-03-04 13:59:26] [SUCCESS] 错误 [连接设备 TCPIP0::169.254.96.21::INSTR]: code=0x-4000ffef
[2026-03-04 13:59:26] [SUCCESS] ===== 开始仪器自检 =====
[2026-03-04 13:59:28] [SUCCESS] 错误 [连接设备 TCPIP0::169.254.96.21::INSTR]: code=0x-4000ffef
[2026-03-04 14:00:03] [SUCCESS] ===== 开始仪器自检 =====
[2026-03-04 14:00:05] [SUCCESS] 错误 [连接设备 TCPIP0::169.254.96.21::INSTR]: code=0x-4000ffef
[2026-03-04 14:00:24] [SUCCESS] ===== 开始仪器自检 =====
[2026-03-04 14:00:24] [SUCCESS] 设备已连接: Rigol Technologies,DG1032Z,DG1ZA165152099,03.01.12
[2026-03-04 14:00:27] [SUCCESS] ===== 开始仪器自检 =====
[2026-03-04 14:00:27] [SUCCESS] 设备已连接: Rigol Technologies,DG1032Z,DG1ZA165152099,03.01.12
[2026-03-04 14:00:32] [SUCCESS] ===== 开始仪器自检 =====
[2026-03-04 14:00:32] [SUCCESS] 设备已连接: Rigol Technologies,DG1032Z,DG1ZA165152099,03.01.12
[2026-03-04 14:07:10] [INFO] ===== 开始仪器自检 =====
[2026-03-04 14:07:10] [SUCCESS] 设备已连接: Rigol Technologies,DG1032Z,DG1ZA165152099,03.01.12
[2026-03-04 14:07:19] [INFO] ===== 开始仪器自检 =====
[2026-03-04 14:07:19] [SUCCESS] 错误 [连接设备 TCPIP0::169.254.96.21::INSTR]: code=0x-4000ffef
[2026-03-04 14:07:29] [INFO] ===== 开始仪器自检 =====
[2026-03-04 14:07:33] [SUCCESS] 错误 [连接设备 TCPIP0::169.254.96.21::INSTR]: code=0x-4000ffef
[2026-03-04 14:07:42] [INFO] ===== 开始仪器自检 =====
[2026-03-04 14:07:47] [SUCCESS] 错误 [连接设备 TCPIP0::169.254.96.21::INSTR]: code=0x-4000ffef
[2026-03-04 14:08:02] [INFO] ===== 开始仪器自检 =====
[2026-03-04 14:08:06] [SUCCESS] 错误 [连接设备 TCPIP0::169.254.96.21::INSTR]: code=0x-4000ffef
[2026-03-04 14:09:25] [INFO] ===== 开始仪器自检 =====
[2026-03-04 14:09:25] [SUCCESS] 设备已连接: Rigol Technologies,DG1032Z,DG1ZA165152099,03.01.12
[2026-03-04 14:12:10] [INFO] ===== 开始仪器自检 =====
[2026-03-04 14:12:15] [SUCCESS] 错误 [连接设备 TCPIP0::169.254.96.21::INSTR]: code=0x-4000ffef
[2026-03-04 14:12:22] [INFO] ===== 开始仪器自检 =====
[2026-03-04 14:12:26] [SUCCESS] 错误 [连接设备 TCPIP0::169.254.96.21::INSTR]: code=0x-4000ffef
[2026-03-04 14:12:40] [INFO] ===== 开始仪器自检 =====
[2026-03-04 14:12:40] [SUCCESS] 设备已连接: Rigol Technologies,DG1032Z,DG1ZA165152099,03.01.12
[2026-03-04 14:12:51] [INFO] ===== 开始仪器自检 =====
[2026-03-04 14:12:51] [SUCCESS] 设备已连接: Rigol Technologies,DG1032Z,DG1ZA165152099,03.01.12
[2026-03-04 14:24:32] [INFO] ===== 开始仪器自检 =====
[2026-03-04 14:24:37] [SUCCESS] 错误 [连接设备 TCPIP0::169.254.96.21::INSTR]: code=0x-4000ffef
[2026-03-04 14:28:22] [INFO] ===== 开始仪器自检 =====
[2026-03-04 14:28:26] [INFO] 错误 [连接设备 TCPIP0::169.254.96.21::INSTR]: code=0x-4000ffef
[2026-03-04 14:29:03] [INFO] ===== 开始仪器自检 =====
[2026-03-04 14:29:03] [INFO] 设备已连接: Rigol Technologies,DG1032Z,DG1ZA165152099,03.01.12
[2026-03-04 14:31:53] [INFO] ===== 开始仪器自检 =====
[2026-03-04 14:31:53] [INFO] 设备已连接: Rigol Technologies,DG1032Z,DG1ZA165152099,03.01.12
[2026-03-04 14:31:58] [INFO] ===== 开始仪器自检 =====
[2026-03-04 14:31:58] [INFO] 设备已连接: Rigol Technologies,DG1032Z,DG1ZA165152099,03.01.12
[2026-03-04 14:31:59] [INFO] ===== 开始仪器自检 =====
[2026-03-04 14:31:59] [INFO] 设备已连接: Rigol Technologies,DG1032Z,DG1ZA165152099,03.01.12
[2026-03-04 14:32:12] [INFO] ===== 开始仪器自检 =====
[2026-03-04 14:32:12] [INFO] 设备已连接: Rigol Technologies,DG1032Z,DG1ZA165152099,03.01.12
[2026-03-04 14:32:12] [SUCCESS] 信号源 连接成功
[2026-03-04 14:32:12] [INFO] ===== 全部设备正常 =====
[2026-03-04 14:32:31] [INFO] ===== 开始仪器自检 =====
[2026-03-04 14:32:31] [INFO] 设备已连接: Rigol Technologies,DG1032Z,DG1ZA165152099,03.01.12
[2026-03-04 14:32:31] [SUCCESS] 信号源 连接成功
[2026-03-04 14:32:31] [INFO] ===== 全部设备正常 =====
[2026-03-04 14:48:21] [INFO] ===== 开始仪器自检 =====
[2026-03-04 14:48:21] [INFO] 设备已连接: Rigol Technologies,DG1032Z,DG1ZA165152099,03.01.12
[2026-03-04 14:48:21] [SUCCESS] 信号源 连接成功
[2026-03-04 14:48:21] [INFO] ===== 全部设备正常 =====
[2026-03-04 14:50:57] [INFO] ===== 开始仪器自检 =====
[2026-03-04 14:50:57] [INFO] 设备已连接: Rigol Technologies,DG1032Z,DG1ZA165152099,03.01.12
[2026-03-04 14:50:57] [SUCCESS] 信号源 连接成功
[2026-03-04 14:50:57] [INFO] ===== 全部设备正常 =====
[2026-03-04 14:50:59] [INFO] ===== 开始仪器自检 =====
[2026-03-04 14:50:59] [INFO] 设备已连接: Rigol Technologies,DG1032Z,DG1ZA165152099,03.01.12
[2026-03-04 14:50:59] [SUCCESS] 信号源 连接成功
[2026-03-04 14:50:59] [INFO] ===== 全部设备正常 =====
[2026-03-04 15:13:22] [INFO] ===== 开始仪器自检 =====
[2026-03-04 15:13:22] [INFO] 检测 信号源...
[2026-03-04 15:13:22] [INFO] 设备已连接: Rigol Technologies,DG1032Z,DG1ZA165152099,03.01.12
[2026-03-04 15:13:22] [SUCCESS] 信号源 连接成功
[2026-03-04 15:13:22] [INFO] ===== 全部设备正常 =====
[2026-03-04 20:24:55] [INFO] ===== 开始仪器自检 =====
[2026-03-04 20:24:55] [INFO] 检测 信号源...
[2026-03-04 20:24:55] [INFO] 错误 [连接设备 TCPIP0::169.254.96.22::INSTR]: code=0x-4000ffef
[2026-03-04 20:24:55] [ERROR] 信号源 连接失败！
[2026-03-04 20:24:55] [WARNING] ===== 存在异常设备 =====
