[2026-03-24 11:24:39] [INFO] Starting SCPI Runner...
[2026-03-24 11:24:39] [INFO] SCPI Runner started.
[2026-03-24 11:24:39] [INFO] Connecting VISA...
[2026-03-24 11:24:39] [INFO] VISA connected.
[2026-03-24 11:24:39] [INFO] Device ID: Disconnected (Hardware Not Found)
[2026-03-24 11:24:43] [INFO] Starting SCPI Runner...
[2026-03-24 11:24:43] [INFO] SCPI Runner started.
[2026-03-24 11:24:43] [INFO] Connecting VISA...
[2026-03-24 11:24:43] [INFO] VISA connected.
[2026-03-24 11:24:43] [INFO] Device ID: Disconnected (Hardware Not Found)
[2026-03-24 11:24:44] [INFO] Starting SCPI Runner...
[2026-03-24 11:24:44] [INFO] SCPI Runner started.
[2026-03-24 11:24:44] [INFO] Connecting VISA...
[2026-03-24 11:24:44] [INFO] VISA connected.
[2026-03-24 11:24:44] [INFO] Device ID: Disconnected (Hardware Not Found)
[2026-03-24 11:24:45] [INFO] Starting SCPI Runner...
[2026-03-24 11:24:45] [INFO] SCPI Runner started.
[2026-03-24 11:24:45] [INFO] Connecting VISA...
[2026-03-24 11:24:45] [INFO] VISA connected.
[2026-03-24 11:24:45] [INFO] Device ID: Disconnected (Hardware Not Found)
[2026-03-24 11:24:51] [INFO] Starting SCPI Runner...
[2026-03-24 11:24:51] [INFO] SCPI Runner started.
[2026-03-24 11:24:51] [INFO] Connecting VISA...
[2026-03-24 11:24:51] [INFO] VISA connected.
[2026-03-24 11:24:51] [INFO] Device ID: Disconnected (Hardware Not Found)
[2026-03-24 11:25:01] [INFO] Starting SCPI Runner...
[2026-03-24 11:25:01] [INFO] SCPI Runner started.
[2026-03-24 11:25:01] [INFO] Connecting VISA...
[2026-03-24 11:25:01] [INFO] VISA connected.
[2026-03-24 11:25:02] [INFO] Device ID: Disconnected (Hardware Not Found)
[2026-03-24 11:25:05] [INFO] Starting SCPI Runner...
[2026-03-24 11:25:05] [INFO] SCPI Runner started.
[2026-03-24 11:25:05] [INFO] Connecting VISA...
[2026-03-24 11:25:05] [INFO] VISA connected.
[2026-03-24 11:25:05] [INFO] Device ID: OmicronLab,Bode100R2,LN919Y,9.0
[2026-03-24 16:21:57] [INFO] Starting SCPI Runner...
[2026-03-24 16:21:57] [INFO] SCPI Runner started.
[2026-03-24 16:21:57] [INFO] Connecting VISA...
[2026-03-24 16:21:58] [INFO] VISA connected.
[2026-03-24 16:21:58] [INFO] Device ID: Disconnected (Hardware Not Found)
[2026-03-24 16:22:00] [INFO] Starting SCPI Runner...
[2026-03-24 16:22:00] [INFO] SCPI Runner started.
[2026-03-24 16:22:00] [INFO] Connecting VISA...
[2026-03-24 16:22:00] [INFO] VISA connected.
[2026-03-24 16:22:00] [INFO] Device ID: OmicronLab,Bode100R2,LN919Y,9.0
[2026-03-24 16:51:39] [INFO] Starting SCPI Runner...
[2026-03-24 16:51:39] [INFO] SCPI Runner started.
[2026-03-24 16:51:39] [INFO] Connecting VISA...
[2026-03-24 16:51:39] [INFO] VISA connected.
[2026-03-24 16:51:39] [INFO] Device ID: Disconnected (Hardware Not Found)
[2026-03-24 16:51:46] [INFO] Starting SCPI Runner...
[2026-03-24 16:51:46] [INFO] SCPI Runner started.
[2026-03-24 16:51:46] [INFO] Connecting VISA...
[2026-03-24 16:51:46] [INFO] VISA connected.
[2026-03-24 16:51:46] [INFO] Device ID: OmicronLab,Bode100R2,LN919Y,9.0
[2026-03-24 16:51:52] [INFO] Starting SCPI Runner...
[2026-03-24 16:51:52] [INFO] SCPI Runner started.
[2026-03-24 16:51:52] [INFO] Connecting VISA...
[2026-03-24 16:51:52] [INFO] VISA connected.
[2026-03-24 16:51:52] [INFO] Device ID: OmicronLab,Bode100R2,LN919Y,9.0
[2026-03-24 16:51:55] [INFO] >>> 开始自动测量 | 范围: 10Hz - 20Hz | 点数: 10
