[2026-03-16 11:07:52] [INFO] ===== 开始仪器自检 =====
[2026-03-16 11:07:52] [INFO] 检测 信号源...
[2026-03-16 11:07:57] [INFO] 错误 [连接设备 TCPIP0::169.254.96.21::INSTR]: code=0x-4000ffef
[2026-03-16 11:07:57] [ERROR] 信号源 连接失败！
[2026-03-16 11:07:57] [WARNING] ===== 存在异常设备 =====
[2026-03-16 11:10:10] [INFO] ===== 开始仪器自检 =====
[2026-03-16 11:10:10] [INFO] 检测 信号源...
[2026-03-16 11:10:10] [INFO] 设备已连接: Rigol Technologies,DG1032Z,DG1ZA165152099,03.01.12
[2026-03-16 11:10:10] [SUCCESS] 信号源 连接成功
[2026-03-16 11:10:10] [INFO] ===== 全部设备正常 =====
[2026-03-16 11:10:28] [SUCCESS] 扫频参数配置完成
[2026-03-16 11:10:33] [SUCCESS] 扫频参数配置完成
[2026-03-16 11:10:37] [SUCCESS] 扫频参数配置完成
[2026-03-16 11:10:42] [SUCCESS] 扫频参数配置完成
[2026-03-16 11:10:43] [SUCCESS] 扫频参数配置完成
[2026-03-16 11:10:44] [SUCCESS] 扫频参数配置完成
[2026-03-16 11:10:44] [SUCCESS] 扫频参数配置完成
[2026-03-16 11:10:51] [SUCCESS] 扫频参数配置完成
[2026-03-16 11:10:52] [SUCCESS] 扫频参数配置完成
[2026-03-16 11:10:52] [SUCCESS] 扫频参数配置完成
[2026-03-16 11:10:52] [SUCCESS] 扫频参数配置完成
