[2026-03-23 15:31:35] [INFO] Starting SCPI Runner...
[2026-03-23 15:31:35] [INFO] SCPI Runner started.
[2026-03-23 15:31:35] [INFO] Connecting VISA...
[2026-03-23 15:31:35] [INFO] VISA connected.
[2026-03-23 15:31:35] [INFO] Device ID: OmicronLab,Bode100R2,LN919Y,9.0

[2026-03-23 15:31:56] [INFO] >>> 开始自动测量 | 范围: 5Hz - 20Hz | 点数: 50
[2026-03-23 15:31:56] [ERROR] ❌ 获取仪器控制权失败，无法开始测量！
[2026-03-23 15:32:06] [INFO] >>> 开始自动测量 | 范围: 5Hz - 20Hz | 点数: 50
[2026-03-23 15:32:06] [ERROR] ❌ 获取仪器控制权失败，无法开始测量！
[2026-03-23 15:32:23] [INFO] Starting SCPI Runner...
[2026-03-23 15:32:23] [INFO] SCPI Runner started.
[2026-03-23 15:32:23] [INFO] Connecting VISA...
[2026-03-23 15:32:23] [INFO] VISA connected.
[2026-03-23 15:32:23] [INFO] Device ID: OmicronLab,Bode100R2,LN919Y,9.0

[2026-03-23 15:32:25] [INFO] >>> 开始自动测量 | 范围: 5Hz - 20Hz | 点数: 50
[2026-03-23 15:32:25] [ERROR] ❌ 获取仪器控制权失败，无法开始测量！
[2026-03-23 15:45:35] [INFO] Starting SCPI Runner...
[2026-03-23 15:45:35] [INFO] SCPI Runner started.
[2026-03-23 15:45:35] [INFO] Connecting VISA...
[2026-03-23 15:45:35] [INFO] VISA connected.
[2026-03-23 15:45:35] [INFO] Device ID: OmicronLab,Bode100R2,LN919Y,9.0

[2026-03-23 15:45:45] [INFO] Starting SCPI Runner...
[2026-03-23 15:45:45] [INFO] SCPI Runner started.
[2026-03-23 15:45:45] [INFO] Connecting VISA...
[2026-03-23 15:45:45] [INFO] VISA connected.
[2026-03-23 15:45:45] [INFO] Device ID: OmicronLab,Bode100R2,LN919Y,9.0

[2026-03-23 15:45:56] [INFO] Starting SCPI Runner...
[2026-03-23 15:45:56] [INFO] SCPI Runner started.
[2026-03-23 15:45:56] [INFO] Connecting VISA...
[2026-03-23 15:45:56] [INFO] VISA connected.
[2026-03-23 15:45:56] [INFO] Device ID: OmicronLab,Bode100R2,LN919Y,9.0

[2026-03-23 15:45:57] [INFO] Starting SCPI Runner...
[2026-03-23 15:45:57] [INFO] SCPI Runner started.
[2026-03-23 15:45:57] [INFO] Connecting VISA...
[2026-03-23 15:45:57] [INFO] VISA connected.
[2026-03-23 15:45:57] [INFO] Device ID: OmicronLab,Bode100R2,LN919Y,9.0

[2026-03-23 15:45:58] [INFO] >>> 开始自动测量 | 范围: 5Hz - 20Hz | 点数: 50
[2026-03-23 15:45:58] [ERROR] ❌ 获取仪器控制权失败，无法开始测量！
[2026-03-23 15:46:49] [INFO] Starting SCPI Runner...
[2026-03-23 15:46:49] [INFO] SCPI Runner started.
[2026-03-23 15:46:49] [INFO] Connecting VISA...
[2026-03-23 15:46:49] [INFO] VISA connected.
[2026-03-23 15:46:49] [INFO] Device ID: OmicronLab,Bode100R2,LN919Y,9.0

[2026-03-23 15:46:51] [INFO] Starting SCPI Runner...
[2026-03-23 15:46:51] [INFO] SCPI Runner started.
[2026-03-23 15:46:51] [INFO] Connecting VISA...
[2026-03-23 15:46:51] [INFO] VISA connected.
[2026-03-23 15:46:51] [INFO] Device ID: OmicronLab,Bode100R2,LN919Y,9.0

[2026-03-23 15:46:51] [INFO] Starting SCPI Runner...
[2026-03-23 15:46:51] [INFO] SCPI Runner started.
[2026-03-23 15:46:51] [INFO] Connecting VISA...
[2026-03-23 15:46:51] [INFO] VISA connected.
[2026-03-23 15:46:51] [INFO] Device ID: OmicronLab,Bode100R2,LN919Y,9.0

[2026-03-23 15:46:51] [INFO] Starting SCPI Runner...
[2026-03-23 15:46:51] [INFO] SCPI Runner started.
[2026-03-23 15:46:51] [INFO] Connecting VISA...
[2026-03-23 15:46:51] [INFO] VISA connected.
[2026-03-23 15:46:51] [INFO] Device ID: OmicronLab,Bode100R2,LN919Y,9.0

[2026-03-23 15:46:52] [INFO] Starting SCPI Runner...
[2026-03-23 15:46:52] [INFO] SCPI Runner started.
[2026-03-23 15:46:52] [INFO] Connecting VISA...
[2026-03-23 15:46:52] [INFO] VISA connected.
[2026-03-23 15:46:52] [INFO] Device ID: OmicronLab,Bode100R2,LN919Y,9.0

[2026-03-23 15:46:52] [INFO] Starting SCPI Runner...
[2026-03-23 15:46:52] [INFO] SCPI Runner started.
[2026-03-23 15:46:52] [INFO] Connecting VISA...
[2026-03-23 15:46:52] [INFO] VISA connected.
[2026-03-23 15:46:52] [INFO] Device ID: OmicronLab,Bode100R2,LN919Y,9.0

[2026-03-23 15:46:52] [INFO] Starting SCPI Runner...
[2026-03-23 15:46:52] [INFO] SCPI Runner started.
[2026-03-23 15:46:52] [INFO] Connecting VISA...
[2026-03-23 15:46:52] [INFO] VISA connected.
[2026-03-23 15:46:52] [INFO] Device ID: OmicronLab,Bode100R2,LN919Y,9.0

[2026-03-23 15:46:52] [INFO] Starting SCPI Runner...
[2026-03-23 15:46:52] [INFO] SCPI Runner started.
[2026-03-23 15:46:52] [INFO] Connecting VISA...
[2026-03-23 15:46:52] [INFO] VISA connected.
[2026-03-23 15:46:52] [INFO] Device ID: OmicronLab,Bode100R2,LN919Y,9.0

[2026-03-23 15:47:00] [ERROR] 获取仪器控制权失败，仪器可能正被官方软件占用！
[2026-03-23 15:47:02] [INFO] 短路校准成功
[2026-03-23 15:47:02] [INFO] 
[2026-03-23 15:47:03] [INFO] ss 是空或全是空格
[2026-03-23 15:47:03] [INFO] 负载校准成功
[2026-03-23 15:47:03] [INFO] 
[2026-03-23 15:47:03] [INFO] 
[2026-03-23 15:47:07] [INFO] >>> 开始自动测量 | 范围: 0Hz - 0Hz | 点数: 0
[2026-03-23 15:47:07] [ERROR] ❌ 获取仪器控制权失败，无法开始测量！
[2026-03-23 15:47:17] [INFO] Starting SCPI Runner...
[2026-03-23 15:47:17] [INFO] SCPI Runner started.
[2026-03-23 15:47:17] [INFO] Connecting VISA...
[2026-03-23 15:47:17] [INFO] VISA connected.
[2026-03-23 15:47:17] [INFO] Device ID: OmicronLab,Bode100R2,LN919Y,9.0

[2026-03-23 15:50:55] [INFO] Starting SCPI Runner...
[2026-03-23 15:50:55] [INFO] SCPI Runner started.
[2026-03-23 15:50:55] [INFO] Connecting VISA...
[2026-03-23 15:50:55] [INFO] VISA connected.
[2026-03-23 15:50:55] [INFO] Device ID: OmicronLab,Bode100R2,LN919Y,9.0

[2026-03-23 19:19:30] [INFO] Starting SCPI Runner...
[2026-03-23 19:19:31] [INFO] SCPI Runner started.
[2026-03-23 19:19:31] [INFO] Connecting VISA...
[2026-03-23 19:19:31] [INFO] VISA connected.
[2026-03-23 19:19:31] [INFO] Device ID: OmicronLab,Bode100R2,LN919Y,9.0

[2026-03-23 19:19:32] [INFO] Starting SCPI Runner...
[2026-03-23 19:19:32] [INFO] SCPI Runner started.
[2026-03-23 19:19:32] [INFO] Connecting VISA...
[2026-03-23 19:19:32] [INFO] VISA connected.
[2026-03-23 19:19:32] [INFO] Device ID: OmicronLab,Bode100R2,LN919Y,9.0

[2026-03-23 19:19:33] [INFO] Starting SCPI Runner...
[2026-03-23 19:19:33] [INFO] SCPI Runner started.
[2026-03-23 19:19:33] [INFO] Connecting VISA...
[2026-03-23 19:19:33] [INFO] VISA connected.
[2026-03-23 19:19:33] [INFO] Device ID: OmicronLab,Bode100R2,LN919Y,9.0

[2026-03-23 19:19:33] [INFO] Starting SCPI Runner...
[2026-03-23 19:19:33] [INFO] SCPI Runner started.
[2026-03-23 19:19:33] [INFO] Connecting VISA...
[2026-03-23 19:19:33] [INFO] VISA connected.
[2026-03-23 19:19:33] [INFO] Device ID: OmicronLab,Bode100R2,LN919Y,9.0

[2026-03-23 19:19:33] [INFO] Starting SCPI Runner...
[2026-03-23 19:19:33] [INFO] SCPI Runner started.
[2026-03-23 19:19:33] [INFO] Connecting VISA...
[2026-03-23 19:19:33] [INFO] VISA connected.
[2026-03-23 19:19:33] [INFO] Device ID: OmicronLab,Bode100R2,LN919Y,9.0

[2026-03-23 19:19:34] [INFO] Starting SCPI Runner...
[2026-03-23 19:19:34] [INFO] SCPI Runner started.
[2026-03-23 19:19:34] [INFO] Connecting VISA...
[2026-03-23 19:19:34] [INFO] VISA connected.
[2026-03-23 19:19:34] [INFO] Device ID: OmicronLab,Bode100R2,LN919Y,9.0

[2026-03-23 19:19:34] [INFO] Starting SCPI Runner...
[2026-03-23 19:19:34] [INFO] SCPI Runner started.
[2026-03-23 19:19:34] [INFO] Connecting VISA...
[2026-03-23 19:19:34] [INFO] VISA connected.
[2026-03-23 19:19:34] [INFO] Device ID: OmicronLab,Bode100R2,LN919Y,9.0

[2026-03-23 19:19:34] [INFO] Starting SCPI Runner...
[2026-03-23 19:19:34] [INFO] SCPI Runner started.
[2026-03-23 19:19:34] [INFO] Connecting VISA...
[2026-03-23 19:19:34] [INFO] VISA connected.
[2026-03-23 19:19:34] [INFO] Device ID: OmicronLab,Bode100R2,LN919Y,9.0

[2026-03-23 19:19:34] [INFO] Starting SCPI Runner...
[2026-03-23 19:19:34] [INFO] SCPI Runner started.
[2026-03-23 19:19:34] [INFO] Connecting VISA...
[2026-03-23 19:19:34] [INFO] VISA connected.
[2026-03-23 19:19:34] [INFO] Device ID: OmicronLab,Bode100R2,LN919Y,9.0

[2026-03-23 19:19:34] [INFO] Starting SCPI Runner...
[2026-03-23 19:19:34] [INFO] SCPI Runner started.
[2026-03-23 19:19:34] [INFO] Connecting VISA...
[2026-03-23 19:19:34] [INFO] VISA connected.
[2026-03-23 19:19:34] [INFO] Device ID: OmicronLab,Bode100R2,LN919Y,9.0

[2026-03-23 19:19:35] [INFO] Starting SCPI Runner...
[2026-03-23 19:19:35] [INFO] SCPI Runner started.
[2026-03-23 19:19:35] [INFO] Connecting VISA...
[2026-03-23 19:19:35] [INFO] VISA connected.
[2026-03-23 19:19:35] [INFO] Device ID: OmicronLab,Bode100R2,LN919Y,9.0

[2026-03-23 19:19:36] [INFO] >>> 开始自动测量 | 范围: 0Hz - 0Hz | 点数: 0
[2026-03-23 19:19:36] [ERROR] ❌ 获取仪器控制权失败，无法开始测量！
[2026-03-23 20:41:25] [INFO] Starting SCPI Runner...
[2026-03-23 20:41:25] [INFO] SCPI Runner started.
[2026-03-23 20:41:25] [INFO] Connecting VISA...
[2026-03-23 20:41:25] [INFO] VISA connected.
[2026-03-23 20:41:25] [INFO] Device ID: OmicronLab,Bode100R2,LN919Y,9.0

[2026-03-23 20:41:35] [INFO] ===== 开始仪器自检 =====
[2026-03-23 20:41:35] [INFO] 检测 信号源...
[2026-03-23 20:41:39] [INFO] 错误 [连接设备 TCPIP0::169.254.96.21::INSTR]: code=0x-4000ffef
[2026-03-23 20:41:39] [ERROR] 信号源 连接失败！
[2026-03-23 20:41:39] [WARNING] ===== 存在异常设备 =====
[2026-03-23 20:42:15] [INFO] Starting SCPI Runner...
[2026-03-23 20:42:15] [INFO] SCPI Runner started.
[2026-03-23 20:42:15] [INFO] Connecting VISA...
[2026-03-23 20:42:15] [INFO] VISA connected.
[2026-03-23 20:42:15] [INFO] Device ID: OmicronLab,Bode100R2,LN919Y,9.0

[2026-03-23 20:42:17] [ERROR] 获取仪器控制权失败，仪器可能正被官方软件占用！
[2026-03-23 20:42:21] [INFO] 短路校准成功
[2026-03-23 20:42:21] [INFO] 
[2026-03-23 20:42:23] [INFO] ss 是空或全是空格
[2026-03-23 20:42:23] [INFO] 负载校准成功
[2026-03-23 20:42:23] [INFO] 
[2026-03-23 20:42:23] [INFO] 
[2026-03-23 20:42:29] [INFO] >>> 开始自动测量 | 范围: 2Hz - 3Hz | 点数: 5
[2026-03-23 20:42:29] [ERROR] ❌ 获取仪器控制权失败，无法开始测量！
[2026-03-23 20:45:43] [INFO] >>> 开始自动测量 | 范围: 0Hz - 0Hz | 点数: 0
[2026-03-23 20:45:43] [ERROR] ❌ 获取仪器控制权失败，无法开始测量！
[2026-03-23 20:45:44] [INFO] Starting SCPI Runner...
[2026-03-23 20:45:44] [INFO] SCPI Runner started.
[2026-03-23 20:45:44] [INFO] Connecting VISA...
[2026-03-23 20:45:44] [INFO] VISA connected.
[2026-03-23 20:45:44] [INFO] Device ID: OmicronLab,Bode100R2,LN919Y,9.0

[2026-03-23 20:45:52] [INFO] >>> 开始自动测量 | 范围: 0Hz - 0Hz | 点数: 0
[2026-03-23 20:45:52] [ERROR] ❌ 获取仪器控制权失败，无法开始测量！
[2026-03-23 20:47:06] [INFO] Starting SCPI Runner...
[2026-03-23 20:47:06] [INFO] SCPI Runner started.
[2026-03-23 20:47:06] [INFO] Connecting VISA...
[2026-03-23 20:47:06] [INFO] VISA connected.
[2026-03-23 20:47:06] [INFO] Device ID: OmicronLab,Bode100R2,LN919Y,9.0

[2026-03-23 20:51:08] [INFO] >>> 开始自动测量 | 范围: 0Hz - 0Hz | 点数: 0
[2026-03-23 20:51:08] [ERROR] ❌ 获取仪器控制权失败，无法开始测量！
[2026-03-23 20:51:10] [INFO] Starting SCPI Runner...
[2026-03-23 20:51:10] [INFO] SCPI Runner started.
[2026-03-23 20:51:10] [INFO] Connecting VISA...
[2026-03-23 20:51:10] [INFO] VISA connected.
[2026-03-23 20:51:10] [INFO] Device ID: OmicronLab,Bode100R2,LN919Y,9.0
[2026-03-23 20:51:13] [INFO] Starting SCPI Runner...
[2026-03-23 20:51:13] [INFO] SCPI Runner started.
[2026-03-23 20:51:13] [INFO] Connecting VISA...
[2026-03-23 20:51:13] [INFO] VISA connected.
[2026-03-23 20:51:13] [INFO] Device ID: OmicronLab,Bode100R2,LN919Y,9.0
[2026-03-23 20:51:18] [INFO] Starting SCPI Runner...
[2026-03-23 20:51:18] [INFO] SCPI Runner started.
[2026-03-23 20:51:18] [INFO] Connecting VISA...
[2026-03-23 20:51:18] [INFO] VISA connected.
[2026-03-23 20:51:18] [INFO] Device ID: OmicronLab,Bode100R2,LN919Y,9.0
[2026-03-23 20:51:19] [INFO] Starting SCPI Runner...
[2026-03-23 20:51:19] [INFO] SCPI Runner started.
[2026-03-23 20:51:19] [INFO] Connecting VISA...
[2026-03-23 20:51:19] [INFO] VISA connected.
[2026-03-23 20:51:19] [INFO] Device ID: OmicronLab,Bode100R2,LN919Y,9.0
[2026-03-23 20:51:20] [INFO] Starting SCPI Runner...
[2026-03-23 20:51:20] [INFO] SCPI Runner started.
[2026-03-23 20:51:20] [INFO] Connecting VISA...
[2026-03-23 20:51:20] [INFO] VISA connected.
[2026-03-23 20:51:20] [INFO] Device ID: OmicronLab,Bode100R2,LN919Y,9.0
[2026-03-23 20:51:21] [INFO] Starting SCPI Runner...
[2026-03-23 20:51:21] [INFO] SCPI Runner started.
[2026-03-23 20:51:21] [INFO] Connecting VISA...
[2026-03-23 20:51:21] [INFO] VISA connected.
[2026-03-23 20:51:21] [INFO] Device ID: OmicronLab,Bode100R2,LN919Y,9.0
[2026-03-23 20:51:21] [INFO] Starting SCPI Runner...
[2026-03-23 20:51:21] [INFO] SCPI Runner started.
[2026-03-23 20:51:21] [INFO] Connecting VISA...
[2026-03-23 20:51:21] [INFO] VISA connected.
[2026-03-23 20:51:21] [INFO] Device ID: OmicronLab,Bode100R2,LN919Y,9.0
[2026-03-23 20:51:21] [INFO] Starting SCPI Runner...
[2026-03-23 20:51:21] [INFO] SCPI Runner started.
[2026-03-23 20:51:21] [INFO] Connecting VISA...
[2026-03-23 20:51:21] [INFO] VISA connected.
[2026-03-23 20:51:21] [INFO] Device ID: OmicronLab,Bode100R2,LN919Y,9.0
[2026-03-23 20:51:21] [INFO] Starting SCPI Runner...
[2026-03-23 20:51:22] [INFO] SCPI Runner started.
[2026-03-23 20:51:22] [INFO] Connecting VISA...
[2026-03-23 20:51:22] [INFO] VISA connected.
[2026-03-23 20:51:22] [INFO] Device ID: OmicronLab,Bode100R2,LN919Y,9.0
[2026-03-23 20:51:22] [INFO] Starting SCPI Runner...
[2026-03-23 20:51:22] [INFO] SCPI Runner started.
[2026-03-23 20:51:22] [INFO] Connecting VISA...
[2026-03-23 20:51:22] [INFO] VISA connected.
[2026-03-23 20:51:22] [INFO] Device ID: OmicronLab,Bode100R2,LN919Y,9.0
[2026-03-23 20:51:22] [INFO] Starting SCPI Runner...
[2026-03-23 20:51:22] [INFO] SCPI Runner started.
[2026-03-23 20:51:22] [INFO] Connecting VISA...
[2026-03-23 20:51:22] [INFO] VISA connected.
[2026-03-23 20:51:22] [INFO] Device ID: OmicronLab,Bode100R2,LN919Y,9.0
[2026-03-23 20:53:07] [INFO] Starting SCPI Runner...
[2026-03-23 20:53:07] [INFO] SCPI Runner started.
[2026-03-23 20:53:07] [INFO] Connecting VISA...
[2026-03-23 20:53:07] [INFO] VISA connected.
[2026-03-23 20:53:07] [INFO] Device ID: OmicronLab,Bode100R2,LN919Y,9.01
[2026-03-23 20:53:16] [INFO] Starting SCPI Runner...
[2026-03-23 20:53:16] [INFO] SCPI Runner started.
[2026-03-23 20:53:16] [INFO] Connecting VISA...
[2026-03-23 20:53:16] [INFO] VISA connected.
[2026-03-23 20:53:16] [INFO] Device ID: OmicronLab,Bode100R2,LN919Y,9.01
[2026-03-23 20:53:23] [INFO] Starting SCPI Runner...
[2026-03-23 20:53:23] [INFO] SCPI Runner started.
[2026-03-23 20:53:23] [INFO] Connecting VISA...
[2026-03-23 20:53:23] [INFO] VISA connected.
[2026-03-23 20:53:23] [INFO] Device ID: OmicronLab,Bode100R2,LN919Y,9.01
[2026-03-23 20:53:23] [INFO] Starting SCPI Runner...
[2026-03-23 20:53:23] [INFO] SCPI Runner started.
[2026-03-23 20:53:23] [INFO] Connecting VISA...
[2026-03-23 20:53:23] [INFO] VISA connected.
[2026-03-23 20:53:23] [INFO] Device ID: OmicronLab,Bode100R2,LN919Y,9.01
[2026-03-23 20:53:23] [INFO] Starting SCPI Runner...
[2026-03-23 20:53:23] [INFO] SCPI Runner started.
[2026-03-23 20:53:23] [INFO] Connecting VISA...
[2026-03-23 20:53:23] [INFO] VISA connected.
[2026-03-23 20:53:23] [INFO] Device ID: OmicronLab,Bode100R2,LN919Y,9.01
[2026-03-23 20:53:24] [INFO] Starting SCPI Runner...
[2026-03-23 20:53:24] [INFO] SCPI Runner started.
[2026-03-23 20:53:24] [INFO] Connecting VISA...
[2026-03-23 20:53:24] [INFO] VISA connected.
[2026-03-23 20:53:24] [INFO] Device ID: OmicronLab,Bode100R2,LN919Y,9.01
[2026-03-23 20:53:24] [INFO] Starting SCPI Runner...
[2026-03-23 20:53:24] [INFO] SCPI Runner started.
[2026-03-23 20:53:24] [INFO] Connecting VISA...
[2026-03-23 20:53:24] [INFO] VISA connected.
[2026-03-23 20:53:24] [INFO] Device ID: OmicronLab,Bode100R2,LN919Y,9.01
[2026-03-23 20:53:24] [INFO] Starting SCPI Runner...
[2026-03-23 20:53:24] [INFO] SCPI Runner started.
[2026-03-23 20:53:24] [INFO] Connecting VISA...
[2026-03-23 20:53:24] [INFO] VISA connected.
[2026-03-23 20:53:24] [INFO] Device ID: OmicronLab,Bode100R2,LN919Y,9.01
[2026-03-23 20:53:24] [INFO] Starting SCPI Runner...
[2026-03-23 20:53:24] [INFO] SCPI Runner started.
[2026-03-23 20:53:24] [INFO] Connecting VISA...
[2026-03-23 20:53:24] [INFO] VISA connected.
[2026-03-23 20:53:24] [INFO] Device ID: OmicronLab,Bode100R2,LN919Y,9.01
[2026-03-23 20:53:31] [INFO] Starting SCPI Runner...
[2026-03-23 20:53:31] [INFO] SCPI Runner started.
[2026-03-23 20:53:31] [INFO] Connecting VISA...
[2026-03-23 20:53:31] [INFO] VISA connected.
[2026-03-23 20:53:31] [INFO] Device ID: OmicronLab,Bode100R2,LN919Y,9.01
[2026-03-23 20:53:32] [INFO] Starting SCPI Runner...
[2026-03-23 20:53:32] [INFO] SCPI Runner started.
[2026-03-23 20:53:32] [INFO] Connecting VISA...
[2026-03-23 20:53:32] [INFO] VISA connected.
[2026-03-23 20:53:32] [INFO] Device ID: OmicronLab,Bode100R2,LN919Y,9.01
[2026-03-23 20:53:32] [INFO] Starting SCPI Runner...
[2026-03-23 20:53:32] [INFO] SCPI Runner started.
[2026-03-23 20:53:32] [INFO] Connecting VISA...
[2026-03-23 20:53:32] [INFO] VISA connected.
[2026-03-23 20:53:32] [INFO] Device ID: OmicronLab,Bode100R2,LN919Y,9.01
[2026-03-23 20:54:53] [INFO] 短路校准成功
[2026-03-23 20:54:53] [INFO] 
[2026-03-23 20:54:54] [ERROR] 获取仪器控制权失败，仪器可能正被官方软件占用！
[2026-03-23 20:58:26] [INFO] Starting SCPI Runner...
[2026-03-23 20:58:26] [INFO] SCPI Runner started.
[2026-03-23 20:58:26] [INFO] Connecting VISA...
[2026-03-23 20:58:26] [INFO] VISA connected.
[2026-03-23 20:58:26] [INFO] Device ID: Disconnected (Hardware Not Found)
[2026-03-23 20:58:40] [INFO] Starting SCPI Runner...
[2026-03-23 20:58:40] [INFO] SCPI Runner started.
[2026-03-23 20:58:40] [INFO] Connecting VISA...
[2026-03-23 20:58:40] [INFO] VISA connected.
[2026-03-23 20:58:40] [INFO] Device ID: OmicronLab,Bode100R2,LN919Y,9.0
[2026-03-23 20:58:44] [INFO] Starting SCPI Runner...
[2026-03-23 20:58:44] [INFO] SCPI Runner started.
[2026-03-23 20:58:44] [INFO] Connecting VISA...
[2026-03-23 20:58:44] [INFO] VISA connected.
[2026-03-23 20:58:44] [INFO] Device ID: OmicronLab,Bode100R2,LN919Y,9.0
[2026-03-23 20:58:48] [INFO] Starting SCPI Runner...
[2026-03-23 20:58:48] [INFO] SCPI Runner started.
[2026-03-23 20:58:48] [INFO] Connecting VISA...
[2026-03-23 20:58:48] [INFO] VISA connected.
[2026-03-23 20:58:49] [INFO] Device ID: Disconnected (Hardware Not Found)
[2026-03-23 20:58:53] [INFO] Starting SCPI Runner...
[2026-03-23 20:58:53] [INFO] SCPI Runner started.
[2026-03-23 20:58:53] [INFO] Connecting VISA...
[2026-03-23 20:58:53] [INFO] VISA connected.
[2026-03-23 20:58:53] [INFO] Device ID: Disconnected (Hardware Not Found)
[2026-03-23 20:59:22] [ERROR] 获取仪器控制权失败，仪器可能正被官方软件占用！
[2026-03-23 20:59:24] [ERROR] 获取仪器控制权失败，仪器可能正被官方软件占用！
[2026-03-23 20:59:26] [INFO] 短路校准成功
[2026-03-23 20:59:26] [INFO] 
[2026-03-23 20:59:26] [INFO] ss 是空或全是空格
[2026-03-23 20:59:26] [INFO] 负载校准成功
[2026-03-23 20:59:26] [INFO] 
[2026-03-23 20:59:26] [INFO] 
[2026-03-23 20:59:34] [INFO] >>> 开始自动测量 | 范围: 2Hz - 3Hz | 点数: 1
[2026-03-23 20:59:34] [ERROR] ❌ 获取仪器控制权失败，无法开始测量！
[2026-03-23 21:03:53] [INFO] Starting SCPI Runner...
[2026-03-23 21:03:53] [INFO] SCPI Runner started.
[2026-03-23 21:03:53] [INFO] Connecting VISA...
[2026-03-23 21:03:53] [INFO] VISA connected.
[2026-03-23 21:03:54] [INFO] Device ID: Disconnected (Hardware Not Found)
[2026-03-23 21:04:00] [INFO] Starting SCPI Runner...
[2026-03-23 21:04:00] [INFO] SCPI Runner started.
[2026-03-23 21:04:00] [INFO] Connecting VISA...
[2026-03-23 21:04:00] [INFO] VISA connected.
[2026-03-23 21:04:00] [INFO] Device ID: OmicronLab,Bode100R2,LN919Y,9.0
[2026-03-23 21:04:04] [INFO] >>> 开始自动测量 | 范围: 0Hz - 0Hz | 点数: 0
[2026-03-23 21:04:04] [ERROR] ❌ 获取仪器控制权失败，无法开始测量！
[2026-03-23 21:04:07] [ERROR] 获取仪器控制权失败，仪器可能正被官方软件占用！
[2026-03-23 21:04:13] [INFO] >>> 开始自动测量 | 范围: 0Hz - 0Hz | 点数: 0
[2026-03-23 21:04:13] [ERROR] ❌ 获取仪器控制权失败，无法开始测量！
[2026-03-23 21:15:56] [INFO] Starting SCPI Runner...
[2026-03-23 21:15:56] [INFO] SCPI Runner started.
[2026-03-23 21:15:56] [INFO] Connecting VISA...
[2026-03-23 21:15:56] [INFO] VISA connected.
[2026-03-23 21:15:56] [INFO] Device ID: Disconnected (Hardware Not Found)
[2026-03-23 21:15:59] [INFO] Starting SCPI Runner...
[2026-03-23 21:15:59] [INFO] SCPI Runner started.
[2026-03-23 21:15:59] [INFO] Connecting VISA...
[2026-03-23 21:15:59] [INFO] VISA connected.
[2026-03-23 21:15:59] [INFO] Device ID: OmicronLab,Bode100R2,LN919Y,9.0
[2026-03-23 21:16:09] [INFO] >>> 开始自动测量 | 范围: 5Hz - 10Hz | 点数: 1
[2026-03-23 21:17:32] [INFO] Starting SCPI Runner...
[2026-03-23 21:17:32] [INFO] SCPI Runner started.
[2026-03-23 21:17:32] [INFO] Connecting VISA...
[2026-03-23 21:17:32] [INFO] VISA connected.
[2026-03-23 21:17:32] [INFO] Device ID: OmicronLab,Bode100R2,LN919Y,9.0
[2026-03-23 21:57:21] [INFO] Starting SCPI Runner...
[2026-03-23 21:57:21] [INFO] SCPI Runner started.
[2026-03-23 21:57:21] [INFO] Connecting VISA...
[2026-03-23 21:57:21] [INFO] VISA connected.
[2026-03-23 21:57:21] [INFO] Device ID: Disconnected (Hardware Not Found)
[2026-03-23 21:57:24] [INFO] Starting SCPI Runner...
[2026-03-23 21:57:24] [INFO] SCPI Runner started.
[2026-03-23 21:57:24] [INFO] Connecting VISA...
[2026-03-23 21:57:24] [INFO] VISA connected.
[2026-03-23 21:57:24] [INFO] Device ID: OmicronLab,Bode100R2,LN919Y,9.0
[2026-03-23 21:57:44] [INFO] >>> 开始自动测量 | 范围: 5Hz - 45Hz | 点数: 20
