[2026-03-18 15:02:02] [INFO] Starting SCPI Runner...
[2026-03-18 15:02:03] [INFO] SCPI Runner started.
[2026-03-18 15:02:03] [INFO] Connecting VISA...
[2026-03-18 15:02:03] [ERROR] ERROR: Failed to start SCPI Runner.
[2026-03-18 15:02:03] [ERROR] ERROR: VISA connection failed.
[2026-03-18 15:04:35] [INFO] Starting SCPI Runner...
[2026-03-18 15:04:35] [INFO] SCPI Runner started.
[2026-03-18 15:04:35] [INFO] Connecting VISA...
[2026-03-18 15:04:35] [ERROR] ERROR: Failed to start SCPI Runner.
[2026-03-18 15:04:36] [ERROR] ERROR: VISA connection failed.
[2026-03-18 15:06:39] [ERROR] ERROR: IP address is empty.
[2026-03-18 15:10:33] [INFO] Starting SCPI Runner...
[2026-03-18 15:10:33] [INFO] SCPI Runner started.
[2026-03-18 15:10:33] [INFO] Connecting VISA...
[2026-03-18 15:10:33] [ERROR] ERROR: Failed to start SCPI Runner.
[2026-03-18 15:10:33] [ERROR] ERROR: VISA connection failed.
[2026-03-18 15:12:25] [INFO] Starting SCPI Runner...
[2026-03-18 15:12:25] [INFO] SCPI Runner started.
[2026-03-18 15:12:25] [INFO] Connecting VISA...
[2026-03-18 15:12:25] [ERROR] ERROR: Failed to start SCPI Runner.
[2026-03-18 15:12:25] [ERROR] ERROR: VISA connection failed.
[2026-03-18 15:12:51] [INFO] Starting SCPI Runner...
[2026-03-18 15:12:51] [INFO] SCPI Runner started.
[2026-03-18 15:12:51] [INFO] Connecting VISA...
[2026-03-18 15:12:51] [ERROR] ERROR: Failed to start SCPI Runner.
[2026-03-18 15:12:51] [ERROR] ERROR: VISA connection failed.
[2026-03-18 15:12:54] [INFO] Starting SCPI Runner...
[2026-03-18 15:12:54] [INFO] SCPI Runner started.
[2026-03-18 15:12:54] [INFO] Connecting VISA...
[2026-03-18 15:12:54] [ERROR] ERROR: Failed to start SCPI Runner.
[2026-03-18 15:12:54] [ERROR] ERROR: VISA connection failed.
[2026-03-18 15:20:28] [INFO] Starting SCPI Runner...
[2026-03-18 15:20:28] [INFO] SCPI Runner started.
[2026-03-18 15:20:28] [INFO] Connecting VISA...
[2026-03-18 15:20:28] [ERROR] ERROR: VISA connection failed.
[2026-03-18 15:20:46] [INFO] Starting SCPI Runner...
[2026-03-18 15:20:46] [INFO] SCPI Runner started.
[2026-03-18 15:20:46] [INFO] Connecting VISA...
[2026-03-18 15:20:46] [ERROR] ERROR: VISA connection failed.
[2026-03-18 15:21:04] [INFO] Starting SCPI Runner...
[2026-03-18 15:21:04] [INFO] SCPI Runner started.
[2026-03-18 15:21:04] [INFO] Connecting VISA...
[2026-03-18 15:21:04] [ERROR] ERROR: VISA connection failed.
[2026-03-18 15:23:46] [INFO] Starting SCPI Runner...
[2026-03-18 15:23:46] [INFO] SCPI Runner started.
[2026-03-18 15:23:46] [INFO] Connecting VISA...
[2026-03-18 15:23:46] [INFO] VISA connected.
[2026-03-18 15:23:46] [INFO] Device ID: OmicronLab,Bode100R2,LN919Y,9.0

[2026-03-18 22:40:40] [INFO] Starting SCPI Runner...
[2026-03-18 22:40:40] [INFO] SCPI Runner started.
[2026-03-18 22:40:40] [INFO] Connecting VISA...
[2026-03-18 22:40:40] [INFO] VISA connected.
[2026-03-18 22:40:40] [INFO] Device ID: OmicronLab,Bode100R2,LN919Y,9.0

[2026-03-18 22:42:57] [INFO] Starting SCPI Runner...
[2026-03-18 22:42:57] [INFO] SCPI Runner started.
[2026-03-18 22:42:57] [INFO] Connecting VISA...
[2026-03-18 22:42:57] [INFO] VISA connected.
[2026-03-18 22:42:57] [INFO] Device ID: OmicronLab,Bode100R2,LN919Y,9.0

[2026-03-18 22:58:13] [INFO] Starting SCPI Runner...
[2026-03-18 22:58:13] [INFO] SCPI Runner started.
[2026-03-18 22:58:13] [INFO] Connecting VISA...
[2026-03-18 22:58:13] [INFO] VISA connected.
[2026-03-18 22:58:13] [INFO] Device ID: OmicronLab,Bode100R2,LN919Y,9.0

[2026-03-18 23:02:28] [INFO] Starting SCPI Runner...
[2026-03-18 23:02:28] [INFO] SCPI Runner started.
[2026-03-18 23:02:28] [INFO] Connecting VISA...
[2026-03-18 23:02:28] [INFO] VISA connected.
[2026-03-18 23:02:28] [INFO] Device ID: OmicronLab,Bode100R2,LN919Y,9.0

[2026-03-18 23:03:29] [INFO] Starting SCPI Runner...
[2026-03-18 23:03:30] [INFO] SCPI Runner started.
[2026-03-18 23:03:30] [INFO] Connecting VISA...
[2026-03-18 23:03:30] [INFO] VISA connected.
[2026-03-18 23:03:30] [INFO] Device ID: OmicronLab,Bode100R2,LN919Y,9.0

[2026-03-18 23:05:06] [INFO] Starting SCPI Runner...
[2026-03-18 23:05:06] [INFO] SCPI Runner started.
[2026-03-18 23:05:06] [INFO] Connecting VISA...
[2026-03-18 23:05:06] [INFO] VISA connected.
[2026-03-18 23:05:06] [INFO] Device ID: OmicronLab,Bode100R2,LN919Y,9.0

[2026-03-18 23:09:38] [INFO] Starting SCPI Runner...
[2026-03-18 23:09:38] [INFO] SCPI Runner started.
[2026-03-18 23:09:38] [INFO] Connecting VISA...
[2026-03-18 23:09:38] [INFO] VISA connected.
[2026-03-18 23:09:38] [INFO] Device ID: OmicronLab,Bode100R2,LN919Y,9.0

[2026-03-18 23:09:42] [ERROR] 开路校准失败
[2026-03-18 23:09:45] [ERROR] 开路校准失败
