[2026-03-26 11:05:45] [INFO] send:* RST

[2026-03-26 11:07:28] [INFO] Starting SCPI Runner...
[2026-03-26 11:07:28] [INFO] SCPI Runner started.
[2026-03-26 11:07:28] [INFO] Connecting VISA...
[2026-03-26 11:07:28] [INFO] VISA connected.
[2026-03-26 11:07:28] [INFO] Device ID: OmicronLab,Bode100R2,LN919Y,9.0
[2026-03-26 11:07:31] [INFO] send::SYST:LOCK:REQ?

[2026-03-26 11:08:08] [INFO] Starting SCPI Runner...
[2026-03-26 11:08:08] [INFO] SCPI Runner started.
[2026-03-26 11:08:08] [INFO] Connecting VISA...
[2026-03-26 11:08:08] [INFO] VISA connected.
[2026-03-26 11:08:08] [INFO] Device ID: OmicronLab,Bode100R2,LN919Y,9.0
[2026-03-26 11:08:11] [INFO] send::SENS:CORR:FULL:LOAD

[2026-03-26 11:08:11] [INFO] send:*OPC?

[2026-03-26 11:56:11] [INFO] Starting SCPI Runner...
[2026-03-26 11:56:11] [INFO] SCPI Runner started.
[2026-03-26 11:56:11] [INFO] Connecting VISA...
[2026-03-26 11:56:11] [INFO] VISA connected.
[2026-03-26 11:56:11] [INFO] send*IDN?

[2026-03-26 11:58:23] [INFO] Starting SCPI Runner...
[2026-03-26 11:58:23] [INFO] SCPI Runner started.
[2026-03-26 11:58:23] [INFO] Connecting VISA...
[2026-03-26 11:58:23] [INFO] VISA connected.
[2026-03-26 11:58:23] [INFO] Device ID: OmicronLab,Bode100R2,LN919Y,9.0
[2026-03-26 11:58:26] [INFO] send:* RST

[2026-03-26 12:03:12] [INFO] Starting SCPI Runner...
[2026-03-26 12:03:12] [INFO] SCPI Runner started.
[2026-03-26 12:03:12] [INFO] Connecting VISA...
[2026-03-26 12:03:12] [INFO] VISA connected.
[2026-03-26 12:03:12] [INFO] Device ID: Write Error
[2026-03-26 12:03:42] [INFO] Starting SCPI Runner...
[2026-03-26 12:03:42] [INFO] SCPI Runner started.
[2026-03-26 12:03:42] [INFO] Connecting VISA...
[2026-03-26 12:03:42] [INFO] VISA connected.
[2026-03-26 12:03:42] [INFO] Device ID: Write Error
[2026-03-26 12:03:44] [INFO] Starting SCPI Runner...
[2026-03-26 12:03:44] [INFO] SCPI Runner started.
[2026-03-26 12:03:44] [INFO] Connecting VISA...
[2026-03-26 12:03:44] [INFO] VISA connected.
[2026-03-26 12:03:44] [INFO] Device ID: Write Error
[2026-03-26 12:03:44] [INFO] Starting SCPI Runner...
[2026-03-26 12:03:44] [INFO] SCPI Runner started.
[2026-03-26 12:03:44] [INFO] Connecting VISA...
[2026-03-26 12:03:44] [INFO] VISA connected.
[2026-03-26 12:03:44] [INFO] Device ID: Write Error
[2026-03-26 12:07:44] [INFO] send:* RST

[2026-03-26 12:08:06] [INFO] Starting SCPI Runner...
[2026-03-26 12:08:06] [INFO] SCPI Runner started.
[2026-03-26 12:08:06] [INFO] Connecting VISA...
[2026-03-26 12:08:06] [INFO] VISA connected.
[2026-03-26 12:08:06] [INFO] error:Write Error: 0x-4000FFF2
[2026-03-26 12:08:06] [INFO] Device ID: 
[2026-03-26 12:14:15] [INFO] send:* RST

[2026-03-26 12:15:33] [INFO] Starting SCPI Runner...
[2026-03-26 12:15:34] [INFO] SCPI Runner started.
[2026-03-26 12:15:34] [INFO] Connecting VISA...
[2026-03-26 12:15:35] [INFO] VISA connected.
[2026-03-26 12:15:35] [INFO] Device ID: OmicronLab,Bode100R2,LN919Y,9.0
[2026-03-26 12:15:43] [INFO] >>> 开始自动测量 | 范围: 10Hz - 20Hz | 点数: 10
[2026-03-26 12:15:43] [INFO] send:*RST
[2026-03-26 12:15:43] [INFO] send::SYST:LOCK:REL

[2026-03-26 12:15:43] [INFO] query::SYST:LOCK:REQ? 

[2026-03-26 12:15:43] [INFO] send::SYST:LOCK:REQ? 

[2026-03-26 12:15:52] [INFO] send:* RST

[2026-03-26 12:17:11] [INFO] Starting SCPI Runner...
[2026-03-26 12:17:13] [INFO] SCPI Runner started.
[2026-03-26 12:17:13] [INFO] Connecting VISA...
[2026-03-26 12:17:13] [INFO] VISA connected.
[2026-03-26 12:17:13] [INFO] Device ID: OmicronLab,Bode100R2,LN919Y,9.0
[2026-03-26 12:17:17] [INFO] send:* RST

[2026-03-26 12:39:47] [INFO] Starting SCPI Runner...
[2026-03-26 12:39:49] [INFO] SCPI Runner started.
[2026-03-26 12:39:49] [INFO] Connecting VISA...
[2026-03-26 12:39:49] [INFO] VISA connected.
[2026-03-26 12:39:49] [INFO] response:OmicronLab,Bode100R2,LN919Y,9.0
[2026-03-26 12:39:49] [INFO] Device ID: OmicronLab,Bode100R2,LN919Y,9.0
[2026-03-26 12:39:51] [INFO] >>> 开始自动测量 | 范围: 10Hz - 20Hz | 点数: 10
[2026-03-26 12:39:53] [INFO] response:1
[2026-03-26 12:39:53] [INFO] send:*CLS

[2026-03-26 12:40:02] [INFO] send:*RST

[2026-03-26 12:40:02] [INFO] response:1
[2026-03-26 12:40:02] [INFO] send:*ESE 255

[2026-03-26 12:40:02] [INFO] response:0,"No error"
[2026-03-26 12:40:02] [INFO] 0,"No error"
[2026-03-26 12:40:02] [INFO] send::CALC:PAR:DEF Z

[2026-03-26 12:40:02] [INFO] response:1
[2026-03-26 12:40:02] [INFO] send::SENS:FREQ:STAR10

[2026-03-26 12:40:02] [INFO] send::SENS:FREQ:STOP20

[2026-03-26 12:40:02] [INFO] send::SENS:SWE:POIN 10

[2026-03-26 12:40:02] [INFO] send::SENS:SWE:TYPE LOG

[2026-03-26 12:40:02] [INFO] send::SENS:BAND300Hz

[2026-03-26 12:40:02] [INFO] response:-113,"Undefined header;command: :SENS:FREQ:STAR10"
[2026-03-26 12:40:02] [INFO] -113,"Undefined header;command: :SENS:FREQ:STAR10"
[2026-03-26 12:40:02] [INFO] response:3.5465846154E-02
[2026-03-26 12:40:02] [INFO] send::CALC:FORM SLIN

[2026-03-26 12:40:02] [INFO] send::TRIG:SOUR BUS

[2026-03-26 12:40:02] [INFO] send::INIT

[2026-03-26 12:40:02] [INFO] send::TRIG:SING

[2026-03-26 12:40:02] [INFO] response:-113,"Undefined header;command: :SENS:FREQ:STOP20"
[2026-03-26 12:40:02] [INFO] -113,"Undefined header;command: :SENS:FREQ:STOP20"
[2026-03-26 12:40:02] [INFO] response:1
[2026-03-26 12:40:02] [INFO] response:1.0e+05,1.9458877176e+05,3.7864790094e+05,7.3680629973e+05,1.4337423289e+06,2.7899015879e+06,5.4288352332e+06,1.0563903801e+07,2.0556170656e+07,4.0e+07
[2026-03-26 12:40:02] [INFO] response:-113,"Undefined header;command: :SENS:BAND300HZ"
[2026-03-26 12:40:02] [INFO] -113,"Undefined header;command: :SENS:BAND300HZ"
[2026-03-26 12:40:02] [INFO] response:2.4514896593e+00,2.5537098974e+00,2.8481846058e+00,3.6615378412e+00,5.7197224044e+00,1.0221895835e+01,1.9648762371e+01,4.1566044976e+01,1.1182048329e+02,4.3399096613e+01,9.379320289e+00,1.6734501267e+01,2.9152351072e+01,4.5894530104e+01,6.1667506247e+01,7.1870566636e+01,7.5744589405e+01,7.2191083456e+01,3.7322010102e+01,-3.2730294596e+01
[2026-03-26 12:40:02] [INFO] response:0,"No error"
[2026-03-26 12:40:02] [INFO] 0,"No error"
[2026-03-26 12:40:11] [INFO] Starting SCPI Runner...
[2026-03-26 12:40:13] [INFO] SCPI Runner started.
[2026-03-26 12:40:13] [INFO] Connecting VISA...
[2026-03-26 12:40:13] [INFO] VISA connected.
[2026-03-26 12:40:13] [INFO] response:OmicronLab,Bode100R2,LN919Y,9.0
[2026-03-26 12:40:13] [INFO] Device ID: OmicronLab,Bode100R2,LN919Y,9.0
[2026-03-26 12:40:15] [INFO] >>> 开始自动测量 | 范围: 10Hz - 20Hz | 点数: 10
[2026-03-26 12:40:17] [INFO] response:1
[2026-03-26 12:40:17] [INFO] send:*CLS

[2026-03-26 12:40:27] [INFO] send:*RST

[2026-03-26 12:40:27] [INFO] response:1
[2026-03-26 12:40:27] [INFO] send:*ESE 255

[2026-03-26 12:40:27] [INFO] response:0,"No error"
[2026-03-26 12:40:27] [INFO] 0,"No error"
[2026-03-26 12:40:27] [INFO] send::CALC:PAR:DEF Z

[2026-03-26 12:40:27] [INFO] response:1
[2026-03-26 12:40:27] [INFO] send::SENS:FREQ:STAR10

[2026-03-26 12:40:27] [INFO] send::SENS:FREQ:STOP20

[2026-03-26 12:40:27] [INFO] send::SENS:SWE:POIN 10

[2026-03-26 12:40:27] [INFO] send::SENS:SWE:TYPE LOG

[2026-03-26 12:40:27] [INFO] send::SENS:BAND300Hz

[2026-03-26 12:40:27] [INFO] response:-113,"Undefined header;command: :SENS:FREQ:STAR10"
[2026-03-26 12:40:27] [INFO] -113,"Undefined header;command: :SENS:FREQ:STAR10"
[2026-03-26 12:40:27] [INFO] response:3.5465846154E-02
[2026-03-26 12:40:27] [INFO] send::CALC:FORM SLIN

[2026-03-26 12:40:27] [INFO] send::TRIG:SOUR BUS

[2026-03-26 12:40:27] [INFO] send::INIT

[2026-03-26 12:40:27] [INFO] send::TRIG:SING

[2026-03-26 12:40:27] [INFO] response:-113,"Undefined header;command: :SENS:FREQ:STOP20"
[2026-03-26 12:40:27] [INFO] -113,"Undefined header;command: :SENS:FREQ:STOP20"
[2026-03-26 12:40:27] [INFO] response:1
[2026-03-26 12:40:27] [INFO] response:1.0e+05,1.9458877176e+05,3.7864790094e+05,7.3680629973e+05,1.4337423289e+06,2.7899015879e+06,5.4288352332e+06,1.0563903801e+07,2.0556170656e+07,4.0e+07
[2026-03-26 12:40:27] [INFO] response:-113,"Undefined header;command: :SENS:BAND300HZ"
[2026-03-26 12:40:27] [INFO] -113,"Undefined header;command: :SENS:BAND300HZ"
[2026-03-26 12:40:27] [INFO] response:2.4533186826e+00,2.5562250188e+00,2.8478661952e+00,3.6684679566e+00,5.7217634077e+00,1.0223092895e+01,1.9655987016e+01,4.1559827495e+01,1.1168560675e+02,4.3547553581e+01,9.3033317488e+00,1.6818838057e+01,2.9128135582e+01,4.5875308098e+01,6.1742896112e+01,7.1846403955e+01,7.576584621e+01,7.2181289323e+01,3.7408857012e+01,-3.2740137806e+01
[2026-03-26 12:40:27] [INFO] response:0,"No error"
[2026-03-26 12:40:27] [INFO] 0,"No error"
[2026-03-26 12:42:15] [INFO] >>> 开始自动测量 | 范围: 10Hz - 20Hz | 点数: 10
[2026-03-26 12:42:15] [INFO] send:*CLS

[2026-03-26 12:42:15] [INFO] send:*RST

[2026-03-26 12:42:15] [INFO] send:*ESE 255

[2026-03-26 12:42:15] [INFO] Not Initialized
[2026-03-26 12:42:15] [INFO] send::CALC:PAR:DEF Z

[2026-03-26 12:42:15] [INFO] send::SENS:FREQ:STAR10

[2026-03-26 12:42:15] [INFO] send::SENS:FREQ:STOP20

[2026-03-26 12:42:15] [INFO] send::SENS:SWE:POIN 10

[2026-03-26 12:42:15] [INFO] send::SENS:SWE:TYPE LOG

[2026-03-26 12:42:15] [INFO] send::SENS:BAND300Hz

[2026-03-26 12:42:15] [INFO] Not Initialized
[2026-03-26 12:42:15] [INFO] send::CALC:FORM SLIN

[2026-03-26 12:42:15] [INFO] send::TRIG:SOUR BUS

[2026-03-26 12:42:15] [INFO] send::INIT

[2026-03-26 12:42:15] [INFO] send::TRIG:SING

[2026-03-26 12:42:15] [INFO] Not Initialized
[2026-03-26 12:42:15] [INFO] Not Initialized
[2026-03-26 12:42:15] [INFO] Not Initialized
[2026-03-26 12:42:22] [INFO] Starting SCPI Runner...
[2026-03-26 12:42:23] [INFO] SCPI Runner started.
[2026-03-26 12:42:23] [INFO] Connecting VISA...
[2026-03-26 12:42:23] [INFO] VISA connected.
[2026-03-26 12:42:23] [INFO] response:OmicronLab,Bode100R2,LN919Y,9.0
[2026-03-26 12:42:23] [INFO] Device ID: OmicronLab,Bode100R2,LN919Y,9.0
[2026-03-26 12:42:25] [INFO] >>> 开始自动测量 | 范围: 10Hz - 20Hz | 点数: 10
[2026-03-26 12:42:27] [INFO] response:1
[2026-03-26 12:44:32] [INFO] Starting SCPI Runner...
[2026-03-26 12:44:34] [INFO] SCPI Runner started.
[2026-03-26 12:44:34] [INFO] Connecting VISA...
[2026-03-26 12:44:34] [INFO] VISA connected.
[2026-03-26 12:44:34] [INFO] response:OmicronLab,Bode100R2,LN919Y,9.0
[2026-03-26 12:44:34] [INFO] Device ID: OmicronLab,Bode100R2,LN919Y,9.0
[2026-03-26 12:44:36] [INFO] >>> 开始自动测量 | 范围: 10Hz - 20Hz | 点数: 10
[2026-03-26 12:44:38] [INFO] response:1
[2026-03-26 12:44:38] [INFO] send:*CLS

[2026-03-26 12:44:38] [INFO] send:*RST

[2026-03-26 12:44:38] [INFO] response:1
[2026-03-26 12:44:38] [INFO] send:*ESE 255

[2026-03-26 12:44:38] [INFO] response:0,"No error"
[2026-03-26 12:44:38] [INFO] 0,"No error"
[2026-03-26 12:44:38] [INFO] send::CALC:PAR:DEF Z

[2026-03-26 12:44:38] [INFO] response:1
[2026-03-26 12:44:38] [INFO] send::SENS:FREQ:STAR10

[2026-03-26 12:44:38] [INFO] send::SENS:FREQ:STOP20

[2026-03-26 12:44:38] [INFO] send::SENS:SWE:POIN 10

[2026-03-26 12:44:38] [INFO] send::SENS:SWE:TYPE LOG

[2026-03-26 12:44:38] [INFO] send::SENS:BAND300Hz

[2026-03-26 12:44:38] [INFO] response:-113,"Undefined header;command: :SENS:FREQ:STAR10"
[2026-03-26 12:44:38] [INFO] -113,"Undefined header;command: :SENS:FREQ:STAR10"
[2026-03-26 12:44:38] [INFO] response:3.5465846154E-02
[2026-03-26 12:44:38] [INFO] send::CALC:FORM SLIN

[2026-03-26 12:44:38] [INFO] send::TRIG:SOUR BUS

[2026-03-26 12:44:38] [INFO] send::INIT

[2026-03-26 12:44:38] [INFO] send::TRIG:SING

[2026-03-26 12:44:38] [INFO] response:-113,"Undefined header;command: :SENS:FREQ:STOP20"
[2026-03-26 12:44:38] [INFO] -113,"Undefined header;command: :SENS:FREQ:STOP20"
[2026-03-26 12:44:38] [INFO] response:1
[2026-03-26 12:44:38] [INFO] response:1.0e+05,1.9458877176e+05,3.7864790094e+05,7.3680629973e+05,1.4337423289e+06,2.7899015879e+06,5.4288352332e+06,1.0563903801e+07,2.0556170656e+07,4.0e+07
[2026-03-26 12:44:38] [INFO] response:-113,"Undefined header;command: :SENS:BAND300HZ"
[2026-03-26 12:44:38] [INFO] -113,"Undefined header;command: :SENS:BAND300HZ"
[2026-03-26 12:44:38] [INFO] response:2.4525725299e+00,2.5510191574e+00,2.8471917412e+00,3.6586607183e+00,5.7041550544e+00,1.0195222632e+01,1.9682879097e+01,4.2436287587e+01,1.169218027e+02,2.9455733637e+01,9.4006218944e+00,1.6799491862e+01,2.9057563201e+01,4.5730984472e+01,6.1669937893e+01,7.1811230625e+01,7.5752490509e+01,7.1756019147e+01,2.7176369007e+01,-2.5890811544e+01
[2026-03-26 12:44:38] [INFO] response:0,"No error"
[2026-03-26 12:44:38] [INFO] 0,"No error"
[2026-03-26 12:44:38] [INFO] ✅ 
