  BodeExample260311.cpp
D:\NPU\Project_material\Auto_Testing\QT_Stduy\exp_project\260119_control_sig_gen\vs_Wrapper\BodeExample260311\BodeExample260311\BodeExample260311.cpp(26,54): warning C4691: “System::Object”: 未引用的 程序集“System.Runtime”中应使用引用的类型，但使用了当前翻译单元中定义的类型
      D:\NPU\Project_material\Auto_Testing\QT_Stduy\exp_project\260119_control_sig_gen\vs_Wrapper\BodeExample260311\BodeExample260311\BodeExample260311.cpp(26,54):
      从程序集“OmicronLab.VectorNetworkAnalysis.AutomationInterface, Version=3.51.3075.1, Culture=neutral, PublicKeyToken=null”导入类型“OmicronLab::VectorNetworkAnalysis::AutomationInterface::BodeAutomation”时发生此诊断。
  
D:\NPU\Project_material\Auto_Testing\QT_Stduy\exp_project\260119_control_sig_gen\vs_Wrapper\BodeExample260311\BodeExample260311\BodeExample260311.cpp(26,54): warning C4691: “System::IDisposable”: 未引用的 程序集“System.Runtime”中应使用引用的类型，但使用了当前翻译单元中定义的类型
      D:\NPU\Project_material\Auto_Testing\QT_Stduy\exp_project\260119_control_sig_gen\vs_Wrapper\BodeExample260311\BodeExample260311\BodeExample260311.cpp(26,54):
      从程序集“OmicronLab.VectorNetworkAnalysis.AutomationInterface, Version=3.51.3075.1, Culture=neutral, PublicKeyToken=null”导入类型“OmicronLab::VectorNetworkAnalysis::AutomationInterface::Interfaces::BodeAutomationInterface”时发生此诊断。
      D:\NPU\Project_material\Auto_Testing\QT_Stduy\exp_project\260119_control_sig_gen\vs_Wrapper\BodeExample260311\BodeExample260311\BodeExample260311.cpp(26,54):
      从程序集“OmicronLab.VectorNetworkAnalysis.AutomationInterface, Version=3.51.3075.1, Culture=neutral, PublicKeyToken=null”导入类型“OmicronLab::VectorNetworkAnalysis::AutomationInterface::BodeAutomation”时发生此诊断。
  
D:\NPU\Project_material\Auto_Testing\QT_Stduy\exp_project\260119_control_sig_gen\vs_Wrapper\BodeExample260311\BodeExample260311\BodeExample260311.cpp(26,54): warning C4691: “System::MulticastDelegate”: 未引用的 程序集“System.Runtime”中应使用引用的类型，但使用了当前翻译单元中定义的类型
      D:\NPU\Project_material\Auto_Testing\QT_Stduy\exp_project\260119_control_sig_gen\vs_Wrapper\BodeExample260311\BodeExample260311\BodeExample260311.cpp(26,54):
      从程序集“OmicronLab.VectorNetworkAnalysis.AutomationInterface, Version=3.51.3075.1, Culture=neutral, PublicKeyToken=null”导入类型“OmicronLab::VectorNetworkAnalysis::AutomationInterface::DeviceRemovedDelegate”时发生此诊断。
      D:\NPU\Project_material\Auto_Testing\QT_Stduy\exp_project\260119_control_sig_gen\vs_Wrapper\BodeExample260311\BodeExample260311\BodeExample260311.cpp(26,54):
      从程序集“OmicronLab.VectorNetworkAnalysis.AutomationInterface, Version=3.51.3075.1, Culture=neutral, PublicKeyToken=null”导入类型“OmicronLab::VectorNetworkAnalysis::AutomationInterface::Interfaces::BodeAutomationInterface”时发生此诊断。
      D:\NPU\Project_material\Auto_Testing\QT_Stduy\exp_project\260119_control_sig_gen\vs_Wrapper\BodeExample260311\BodeExample260311\BodeExample260311.cpp(26,54):
      从程序集“OmicronLab.VectorNetworkAnalysis.AutomationInterface, Version=3.51.3075.1, Culture=neutral, PublicKeyToken=null”导入类型“OmicronLab::VectorNetworkAnalysis::AutomationInterface::BodeAutomation”时发生此诊断。
  
D:\NPU\Project_material\Auto_Testing\QT_Stduy\exp_project\260119_control_sig_gen\vs_Wrapper\BodeExample260311\BodeExample260311\BodeExample260311.cpp(26,54): warning C4691: “System::IAsyncResult”: 未引用的 程序集“System.Runtime”中应使用引用的类型，但使用了当前翻译单元中定义的类型
      D:\NPU\Project_material\Auto_Testing\QT_Stduy\exp_project\260119_control_sig_gen\vs_Wrapper\BodeExample260311\BodeExample260311\BodeExample260311.cpp(26,54):
      从程序集“OmicronLab.VectorNetworkAnalysis.AutomationInterface, Version=3.51.3075.1, Culture=neutral, PublicKeyToken=null”导入类型“OmicronLab::VectorNetworkAnalysis::AutomationInterface::DeviceRemovedDelegate”时发生此诊断。
      D:\NPU\Project_material\Auto_Testing\QT_Stduy\exp_project\260119_control_sig_gen\vs_Wrapper\BodeExample260311\BodeExample260311\BodeExample260311.cpp(26,54):
      从程序集“OmicronLab.VectorNetworkAnalysis.AutomationInterface, Version=3.51.3075.1, Culture=neutral, PublicKeyToken=null”导入类型“OmicronLab::VectorNetworkAnalysis::AutomationInterface::Interfaces::BodeAutomationInterface”时发生此诊断。
      D:\NPU\Project_material\Auto_Testing\QT_Stduy\exp_project\260119_control_sig_gen\vs_Wrapper\BodeExample260311\BodeExample260311\BodeExample260311.cpp(26,54):
      从程序集“OmicronLab.VectorNetworkAnalysis.AutomationInterface, Version=3.51.3075.1, Culture=neutral, PublicKeyToken=null”导入类型“OmicronLab::VectorNetworkAnalysis::AutomationInterface::BodeAutomation”时发生此诊断。
  
D:\NPU\Project_material\Auto_Testing\QT_Stduy\exp_project\260119_control_sig_gen\vs_Wrapper\BodeExample260311\BodeExample260311\BodeExample260311.cpp(26,54): warning C4691: “System::AsyncCallback”: 未引用的 程序集“System.Runtime”中应使用引用的类型，但使用了当前翻译单元中定义的类型
      D:\NPU\Project_material\Auto_Testing\QT_Stduy\exp_project\260119_control_sig_gen\vs_Wrapper\BodeExample260311\BodeExample260311\BodeExample260311.cpp(26,54):
      从程序集“OmicronLab.VectorNetworkAnalysis.AutomationInterface, Version=3.51.3075.1, Culture=neutral, PublicKeyToken=null”导入类型“OmicronLab::VectorNetworkAnalysis::AutomationInterface::DeviceRemovedDelegate”时发生此诊断。
      D:\NPU\Project_material\Auto_Testing\QT_Stduy\exp_project\260119_control_sig_gen\vs_Wrapper\BodeExample260311\BodeExample260311\BodeExample260311.cpp(26,54):
      从程序集“OmicronLab.VectorNetworkAnalysis.AutomationInterface, Version=3.51.3075.1, Culture=neutral, PublicKeyToken=null”导入类型“OmicronLab::VectorNetworkAnalysis::AutomationInterface::Interfaces::BodeAutomationInterface”时发生此诊断。
      D:\NPU\Project_material\Auto_Testing\QT_Stduy\exp_project\260119_control_sig_gen\vs_Wrapper\BodeExample260311\BodeExample260311\BodeExample260311.cpp(26,54):
      从程序集“OmicronLab.VectorNetworkAnalysis.AutomationInterface, Version=3.51.3075.1, Culture=neutral, PublicKeyToken=null”导入类型“OmicronLab::VectorNetworkAnalysis::AutomationInterface::BodeAutomation”时发生此诊断。
  
D:\NPU\Project_material\Auto_Testing\QT_Stduy\exp_project\260119_control_sig_gen\vs_Wrapper\BodeExample260311\BodeExample260311\BodeExample260311.cpp(26,54): warning C4691: “System::Action”: 未引用的 程序集“System.Runtime”中应使用引用的类型，但使用了当前翻译单元中定义的类型
      D:\NPU\Project_material\Auto_Testing\QT_Stduy\exp_project\260119_control_sig_gen\vs_Wrapper\BodeExample260311\BodeExample260311\BodeExample260311.cpp(26,54):
      从程序集“OmicronLab.VectorNetworkAnalysis.AutomationInterface, Version=3.51.3075.1, Culture=neutral, PublicKeyToken=null”导入类型“OmicronLab::VectorNetworkAnalysis::AutomationInterface::Interfaces::BodeAutomationInterface”时发生此诊断。
      D:\NPU\Project_material\Auto_Testing\QT_Stduy\exp_project\260119_control_sig_gen\vs_Wrapper\BodeExample260311\BodeExample260311\BodeExample260311.cpp(26,54):
      从程序集“OmicronLab.VectorNetworkAnalysis.AutomationInterface, Version=3.51.3075.1, Culture=neutral, PublicKeyToken=null”导入类型“OmicronLab::VectorNetworkAnalysis::AutomationInterface::BodeAutomation”时发生此诊断。
  
D:\NPU\Project_material\Auto_Testing\QT_Stduy\exp_project\260119_control_sig_gen\vs_Wrapper\BodeExample260311\BodeExample260311\BodeExample260311.cpp(26,54): warning C4691: “System::Type”: 未引用的 程序集“System.Runtime”中应使用引用的类型，但使用了当前翻译单元中定义的类型
      D:\NPU\Project_material\Auto_Testing\QT_Stduy\exp_project\260119_control_sig_gen\vs_Wrapper\BodeExample260311\BodeExample260311\BodeExample260311.cpp(26,54):
      从程序集“OmicronLab.VectorNetworkAnalysis.AutomationInterface, Version=3.51.3075.1, Culture=neutral, PublicKeyToken=null”导入类型“OmicronLab::VectorNetworkAnalysis::AutomationInterface::BodeAutomation”时发生此诊断。
  
D:\NPU\Project_material\Auto_Testing\QT_Stduy\exp_project\260119_control_sig_gen\vs_Wrapper\BodeExample260311\BodeExample260311\BodeExample260311.cpp(26,54): warning C4691: “Microsoft::Win32::RegistryKey”: 未引用的 程序集“Microsoft.Win32.Registry”中应使用引用的类型，但使用了当前翻译单元中定义的类型
      D:\NPU\Project_material\Auto_Testing\QT_Stduy\exp_project\260119_control_sig_gen\vs_Wrapper\BodeExample260311\BodeExample260311\BodeExample260311.cpp(26,54):
      从程序集“OmicronLab.VectorNetworkAnalysis.AutomationInterface, Version=3.51.3075.1, Culture=neutral, PublicKeyToken=null”导入类型“OmicronLab::VectorNetworkAnalysis::AutomationInterface::BodeAutomation”时发生此诊断。
  
D:\NPU\Project_material\Auto_Testing\QT_Stduy\exp_project\260119_control_sig_gen\vs_Wrapper\BodeExample260311\BodeExample260311\BodeExample260311.cpp(29,8): warning C4691: “System::IDisposable”: 未引用的 程序集“System.Runtime”中应使用引用的类型，但使用了当前翻译单元中定义的类型
      D:\NPU\Project_material\Auto_Testing\QT_Stduy\exp_project\260119_control_sig_gen\vs_Wrapper\BodeExample260311\BodeExample260311\BodeExample260311.cpp(29,8):
      从程序集“OmicronLab.VectorNetworkAnalysis.AutomationInterface, Version=3.51.3075.1, Culture=neutral, PublicKeyToken=null”导入类型“OmicronLab::VectorNetworkAnalysis::AutomationInterface::Interfaces::Measurements::S21Measurement”时发生此诊断。
  
D:\NPU\Project_material\Auto_Testing\QT_Stduy\exp_project\260119_control_sig_gen\vs_Wrapper\BodeExample260311\BodeExample260311\BodeExample260311.cpp(29,8): warning C4691: “System::MulticastDelegate”: 未引用的 程序集“System.Runtime”中应使用引用的类型，但使用了当前翻译单元中定义的类型
      D:\NPU\Project_material\Auto_Testing\QT_Stduy\exp_project\260119_control_sig_gen\vs_Wrapper\BodeExample260311\BodeExample260311\BodeExample260311.cpp(29,8):
      从程序集“OmicronLab.VectorNetworkAnalysis.AutomationInterface, Version=3.51.3075.1, Culture=neutral, PublicKeyToken=null”导入类型“OmicronLab::VectorNetworkAnalysis::AutomationInterface::NewResultAvailableDelegate”时发生此诊断。
      D:\NPU\Project_material\Auto_Testing\QT_Stduy\exp_project\260119_control_sig_gen\vs_Wrapper\BodeExample260311\BodeExample260311\BodeExample260311.cpp(29,8):
      从程序集“OmicronLab.VectorNetworkAnalysis.AutomationInterface, Version=3.51.3075.1, Culture=neutral, PublicKeyToken=null”导入类型“OmicronLab::VectorNetworkAnalysis::AutomationInterface::Interfaces::Measurements::S21Measurement”时发生此诊断。
  
D:\NPU\Project_material\Auto_Testing\QT_Stduy\exp_project\260119_control_sig_gen\vs_Wrapper\BodeExample260311\BodeExample260311\BodeExample260311.cpp(29,8): warning C4691: “System::IAsyncResult”: 未引用的 程序集“System.Runtime”中应使用引用的类型，但使用了当前翻译单元中定义的类型
      D:\NPU\Project_material\Auto_Testing\QT_Stduy\exp_project\260119_control_sig_gen\vs_Wrapper\BodeExample260311\BodeExample260311\BodeExample260311.cpp(29,8):
      从程序集“OmicronLab.VectorNetworkAnalysis.AutomationInterface, Version=3.51.3075.1, Culture=neutral, PublicKeyToken=null”导入类型“OmicronLab::VectorNetworkAnalysis::AutomationInterface::NewResultAvailableDelegate”时发生此诊断。
      D:\NPU\Project_material\Auto_Testing\QT_Stduy\exp_project\260119_control_sig_gen\vs_Wrapper\BodeExample260311\BodeExample260311\BodeExample260311.cpp(29,8):
      从程序集“OmicronLab.VectorNetworkAnalysis.AutomationInterface, Version=3.51.3075.1, Culture=neutral, PublicKeyToken=null”导入类型“OmicronLab::VectorNetworkAnalysis::AutomationInterface::Interfaces::Measurements::S21Measurement”时发生此诊断。
  
D:\NPU\Project_material\Auto_Testing\QT_Stduy\exp_project\260119_control_sig_gen\vs_Wrapper\BodeExample260311\BodeExample260311\BodeExample260311.cpp(29,8): warning C4691: “System::AsyncCallback”: 未引用的 程序集“System.Runtime”中应使用引用的类型，但使用了当前翻译单元中定义的类型
      D:\NPU\Project_material\Auto_Testing\QT_Stduy\exp_project\260119_control_sig_gen\vs_Wrapper\BodeExample260311\BodeExample260311\BodeExample260311.cpp(29,8):
      从程序集“OmicronLab.VectorNetworkAnalysis.AutomationInterface, Version=3.51.3075.1, Culture=neutral, PublicKeyToken=null”导入类型“OmicronLab::VectorNetworkAnalysis::AutomationInterface::NewResultAvailableDelegate”时发生此诊断。
      D:\NPU\Project_material\Auto_Testing\QT_Stduy\exp_project\260119_control_sig_gen\vs_Wrapper\BodeExample260311\BodeExample260311\BodeExample260311.cpp(29,8):
      从程序集“OmicronLab.VectorNetworkAnalysis.AutomationInterface, Version=3.51.3075.1, Culture=neutral, PublicKeyToken=null”导入类型“OmicronLab::VectorNetworkAnalysis::AutomationInterface::Interfaces::Measurements::S21Measurement”时发生此诊断。
  
D:\NPU\Project_material\Auto_Testing\QT_Stduy\exp_project\260119_control_sig_gen\vs_Wrapper\BodeExample260311\BodeExample260311\BodeExample260311.cpp(29,8): warning C4691: “System::Threading::Tasks::Task”: 未引用的 程序集“System.Runtime”中应使用引用的类型，但使用了当前翻译单元中定义的类型
      D:\NPU\Project_material\Auto_Testing\QT_Stduy\exp_project\260119_control_sig_gen\vs_Wrapper\BodeExample260311\BodeExample260311\BodeExample260311.cpp(29,8):
      从程序集“OmicronLab.VectorNetworkAnalysis.AutomationInterface, Version=3.51.3075.1, Culture=neutral, PublicKeyToken=null”导入类型“OmicronLab::VectorNetworkAnalysis::AutomationInterface::Interfaces::Measurements::S21Measurement”时发生此诊断。
  
  .NETFramework,Version=v4.7.2.AssemblyAttributes.cpp
  正在生成代码...
  BodeExample260311.obj : 遇到了 MSIL 模块；对 MSIL 禁用了增量链接；正在执行完全链接
  BodeExample260311.vcxproj -> D:\NPU\Project_material\Auto_Testing\QT_Stduy\exp_project\260119_control_sig_gen\vs_Wrapper\BodeExample260311\Debug\BodeExample260311.exe
